Archive member included to satisfy reference by file (symbol)

/usr/lib/gcc/arm-none-eabi/6.3.1/thumb/v7-m/libgcc.a(_arm_addsubdf3.o)
                              ./build/./components/libc/compilers/minilibc/math.o (__aeabi_dsub)
/usr/lib/gcc/arm-none-eabi/6.3.1/thumb/v7-m/libgcc.a(_arm_muldivdf3.o)
                              ./build/./components/libc/compilers/minilibc/math.o (__aeabi_dmul)
/usr/lib/gcc/arm-none-eabi/6.3.1/thumb/v7-m/libgcc.a(_arm_fixdfsi.o)
                              ./build/./components/libc/compilers/minilibc/math.o (__aeabi_d2iz)
/usr/lib/gcc/arm-none-eabi/6.3.1/../../../arm-none-eabi/lib/thumb/v7-m/libc.a(lib_a-atexit.o)
                              /usr/lib/gcc/arm-none-eabi/6.3.1/../../../arm-none-eabi/lib/thumb/v7-m/crt0.o (atexit)
/usr/lib/gcc/arm-none-eabi/6.3.1/../../../arm-none-eabi/lib/thumb/v7-m/libc.a(lib_a-exit.o)
                              /usr/lib/gcc/arm-none-eabi/6.3.1/../../../arm-none-eabi/lib/thumb/v7-m/crt0.o (exit)
/usr/lib/gcc/arm-none-eabi/6.3.1/../../../arm-none-eabi/lib/thumb/v7-m/libc.a(lib_a-fini.o)
                              /usr/lib/gcc/arm-none-eabi/6.3.1/../../../arm-none-eabi/lib/thumb/v7-m/crt0.o (__libc_fini_array)
/usr/lib/gcc/arm-none-eabi/6.3.1/../../../arm-none-eabi/lib/thumb/v7-m/libc.a(lib_a-impure.o)
                              /usr/lib/gcc/arm-none-eabi/6.3.1/../../../arm-none-eabi/lib/thumb/v7-m/libc.a(lib_a-exit.o) (_global_impure_ptr)
/usr/lib/gcc/arm-none-eabi/6.3.1/../../../arm-none-eabi/lib/thumb/v7-m/libc.a(lib_a-init.o)
                              /usr/lib/gcc/arm-none-eabi/6.3.1/../../../arm-none-eabi/lib/thumb/v7-m/crt0.o (__libc_init_array)
/usr/lib/gcc/arm-none-eabi/6.3.1/../../../arm-none-eabi/lib/thumb/v7-m/libc.a(lib_a-__atexit.o)
                              /usr/lib/gcc/arm-none-eabi/6.3.1/../../../arm-none-eabi/lib/thumb/v7-m/libc.a(lib_a-atexit.o) (__register_exitproc)
/usr/lib/gcc/arm-none-eabi/6.3.1/../../../arm-none-eabi/lib/thumb/v7-m/libc.a(lib_a-__call_atexit.o)
                              /usr/lib/gcc/arm-none-eabi/6.3.1/../../../arm-none-eabi/lib/thumb/v7-m/libc.a(lib_a-exit.o) (__call_exitprocs)

Allocating common symbols
Common symbol       size              file

rt_interrupt_to_thread
                    0x4               ./build/./libcpu/arm/cortex-m3/cpuport.o
rt_interrupt_from_thread
                    0x4               ./build/./libcpu/arm/cortex-m3/cpuport.o
shell               0x4               ./build/./components/finsh/shell.o
rt_thread_switch_interrupt_flag
                    0x4               ./build/./libcpu/arm/cortex-m3/cpuport.o
uwTick              0x4               ./build/./bsp/stm32/libraries/STM32F1xx_HAL/STM32F1xx_HAL_Driver/Src/stm32f1xx_hal.o
rt_thread_priority_table
                    0x100             ./build/./src/scheduler.o
rt_object_put_hook  0x4               ./build/./src/object.o
rt_current_priority
                    0x1               ./build/./src/scheduler.o
rt_assert_hook      0x4               ./build/./src/kservice.o
rt_object_take_hook
                    0x4               ./build/./src/object.o
rt_current_thread   0x4               ./build/./src/scheduler.o
rt_thread_ready_priority_group
                    0x4               ./build/./src/scheduler.o
rt_thread_defunct   0x8               ./build/./src/scheduler.o
rt_object_trytake_hook
                    0x4               ./build/./src/object.o

Discarded input sections

 .text          0x0000000000000000        0x0 /usr/lib/gcc/arm-none-eabi/6.3.1/thumb/v7-m/crti.o
 .data          0x0000000000000000        0x0 /usr/lib/gcc/arm-none-eabi/6.3.1/thumb/v7-m/crti.o
 .bss           0x0000000000000000        0x0 /usr/lib/gcc/arm-none-eabi/6.3.1/thumb/v7-m/crti.o
 .data          0x0000000000000000        0x4 /usr/lib/gcc/arm-none-eabi/6.3.1/thumb/v7-m/crtbegin.o
 .fini_array    0x0000000000000000        0x4 /usr/lib/gcc/arm-none-eabi/6.3.1/thumb/v7-m/crtbegin.o
 .text          0x0000000000000000       0x68 /usr/lib/gcc/arm-none-eabi/6.3.1/../../../arm-none-eabi/lib/thumb/v7-m/crt0.o
 .data          0x0000000000000000        0x0 /usr/lib/gcc/arm-none-eabi/6.3.1/../../../arm-none-eabi/lib/thumb/v7-m/crt0.o
 .bss           0x0000000000000000        0x0 /usr/lib/gcc/arm-none-eabi/6.3.1/../../../arm-none-eabi/lib/thumb/v7-m/crt0.o
 .ARM.extab     0x0000000000000000        0x0 /usr/lib/gcc/arm-none-eabi/6.3.1/../../../arm-none-eabi/lib/thumb/v7-m/crt0.o
 .ARM.exidx     0x0000000000000000        0x8 /usr/lib/gcc/arm-none-eabi/6.3.1/../../../arm-none-eabi/lib/thumb/v7-m/crt0.o
 .debug_line    0x0000000000000000       0x7e /usr/lib/gcc/arm-none-eabi/6.3.1/../../../arm-none-eabi/lib/thumb/v7-m/crt0.o
 .debug_info    0x0000000000000000       0xa3 /usr/lib/gcc/arm-none-eabi/6.3.1/../../../arm-none-eabi/lib/thumb/v7-m/crt0.o
 .debug_abbrev  0x0000000000000000       0x14 /usr/lib/gcc/arm-none-eabi/6.3.1/../../../arm-none-eabi/lib/thumb/v7-m/crt0.o
 .debug_aranges
[...]
Memory Configuration

Name             Origin             Length             Attributes
ROM              0x0000000008000000 0x0000000000010000 xr
RAM              0x0000000020000000 0x0000000000005000 rw
*default*        0x0000000000000000 0xffffffffffffffff

Linker script and memory map

LOAD /usr/lib/gcc/arm-none-eabi/6.3.1/thumb/v7-m/crti.o
LOAD /usr/lib/gcc/arm-none-eabi/6.3.1/thumb/v7-m/crtbegin.o
LOAD /usr/lib/gcc/arm-none-eabi/6.3.1/../../../arm-none-eabi/lib/thumb/v7-m/crt0.o
LOAD ./build/./bsp/stm32/libraries/HAL_Drivers/drv_common.o
LOAD ./build/./bsp/stm32/libraries/HAL_Drivers/drv_gpio.o
LOAD ./build/./bsp/stm32/libraries/HAL_Drivers/drv_usart.o
LOAD ./build/./bsp/stm32/libraries/STM32F1xx_HAL/CMSIS/Device/ST/STM32F1xx/Source/Templates/system_stm32f1xx.o
LOAD ./build/./bsp/stm32/libraries/STM32F1xx_HAL/STM32F1xx_HAL_Driver/Src/stm32f1xx_hal.o
LOAD ./build/./bsp/stm32/libraries/STM32F1xx_HAL/STM32F1xx_HAL_Driver/Src/stm32f1xx_hal_cec.o
LOAD ./build/./bsp/stm32/libraries/STM32F1xx_HAL/STM32F1xx_HAL_Driver/Src/stm32f1xx_hal_cortex.o
LOAD ./build/./bsp/stm32/libraries/STM32F1xx_HAL/STM32F1xx_HAL_Driver/Src/stm32f1xx_hal_crc.o
LOAD ./build/./bsp/stm32/libraries/STM32F1xx_HAL/STM32F1xx_HAL_Driver/Src/stm32f1xx_hal_dma.o
LOAD ./build/./bsp/stm32/libraries/STM32F1xx_HAL/STM32F1xx_HAL_Driver/Src/stm32f1xx_hal_gpio.o
LOAD ./build/./bsp/stm32/libraries/STM32F1xx_HAL/STM32F1xx_HAL_Driver/Src/stm32f1xx_hal_gpio_ex.o
LOAD ./build/./bsp/stm32/libraries/STM32F1xx_HAL/STM32F1xx_HAL_Driver/Src/stm32f1xx_hal_pwr.o
LOAD ./build/./bsp/stm32/libraries/STM32F1xx_HAL/STM32F1xx_HAL_Driver/Src/stm32f1xx_hal_rcc.o
LOAD ./build/./bsp/stm32/libraries/STM32F1xx_HAL/STM32F1xx_HAL_Driver/Src/stm32f1xx_hal_rcc_ex.o
LOAD ./build/./bsp/stm32/libraries/STM32F1xx_HAL/STM32F1xx_HAL_Driver/Src/stm32f1xx_hal_uart.o
LOAD ./build/./bsp/stm32/libraries/STM32F1xx_HAL/STM32F1xx_HAL_Driver/Src/stm32f1xx_hal_usart.o
LOAD ./build/bsp/applications/main.o
LOAD ./build/bsp/board/CubeMX_Config/Src/stm32f1xx_hal_msp.o
LOAD ./build/bsp/board/board.o
LOAD ./build/./components/drivers/misc/pin.o
LOAD ./build/./components/drivers/serial/serial.o
LOAD ./build/./components/drivers/src/completion.o
LOAD ./build/./components/drivers/src/dataqueue.o
LOAD ./build/./components/drivers/src/pipe.o
LOAD ./build/./components/drivers/src/ringblk_buf.o
LOAD ./build/./components/drivers/src/ringbuffer.o
LOAD ./build/./components/drivers/src/waitqueue.o
LOAD ./build/./components/drivers/src/workqueue.o
LOAD ./build/./components/finsh/cmd.o
LOAD ./build/./components/finsh/msh.o
LOAD ./build/./components/finsh/shell.o
LOAD ./build/./components/libc/compilers/minilibc/ctype.o
LOAD ./build/./components/libc/compilers/minilibc/math.o
LOAD ./build/./components/libc/compilers/minilibc/qsort.o
LOAD ./build/./components/libc/compilers/minilibc/rand.o
LOAD ./build/./components/libc/compilers/minilibc/stdlib.o
LOAD ./build/./components/libc/compilers/minilibc/string.o
LOAD ./build/./components/libc/compilers/minilibc/time.o
LOAD ./build/./libcpu/arm/common/backtrace.o
LOAD ./build/./libcpu/arm/common/div0.o
LOAD ./build/./libcpu/arm/common/showmem.o
LOAD ./build/./libcpu/arm/cortex-m3/cpuport.o
LOAD ./build/./src/clock.o
LOAD ./build/./src/components.o
LOAD ./build/./src/device.o
LOAD ./build/./src/idle.o
LOAD ./build/./src/ipc.o
LOAD ./build/./src/irq.o
LOAD ./build/./src/kservice.o
LOAD ./build/./src/mem.o
LOAD ./build/./src/mempool.o
LOAD ./build/./src/object.o
LOAD ./build/./src/scheduler.o
LOAD ./build/./src/signal.o
LOAD ./build/./src/thread.o
LOAD ./build/./src/timer.o
LOAD ./build/./bsp/stm32/libraries/STM32F1xx_HAL/CMSIS/Device/ST/STM32F1xx/Source/Templates/gcc/startup_stm32f103xb.o
LOAD ./build/./libcpu/arm/cortex-m3/context_gcc.o
START GROUP
LOAD /usr/lib/gcc/arm-none-eabi/6.3.1/thumb/v7-m/libgcc.a
LOAD /usr/lib/gcc/arm-none-eabi/6.3.1/../../../arm-none-eabi/lib/thumb/v7-m/libc.a
END GROUP
LOAD /usr/lib/gcc/arm-none-eabi/6.3.1/thumb/v7-m/crtend.o
LOAD /usr/lib/gcc/arm-none-eabi/6.3.1/thumb/v7-m/crtn.o
                0x0000000000000200                _system_stack_size = 0x200

.text           0x0000000008000000     0xdd34
                0x0000000008000000                . = ALIGN (0x4)
                0x0000000008000000                _stext = .
 *(.isr_vector)
 .isr_vector    0x0000000008000000      0x10c ./build/./bsp/stm32/libraries/STM32F1xx_HAL/CMSIS/Device/ST/STM32F1xx/Source/Templates/gcc/startup_stm32f103xb.o
                0x0000000008000000                g_pfnVectors
                0x000000000800010c                . = ALIGN (0x4)
 *(.text)
 .text          0x000000000800010c       0xa4 /usr/lib/gcc/arm-none-eabi/6.3.1/thumb/v7-m/crtbegin.o
 .text          0x00000000080001b0      0x100 ./build/./libcpu/arm/cortex-m3/context_gcc.o
                0x00000000080001b0                rt_hw_interrupt_disable
                0x00000000080001b8                rt_hw_interrupt_enable
                0x00000000080001be                rt_hw_context_switch_interrupt
                0x00000000080001be                rt_hw_context_switch
                0x00000000080001de                PendSV_Handler
                0x000000000800021a                rt_hw_context_switch_to
                0x0000000008000256                rt_hw_interrupt_thread_switch
                0x000000000800025a                HardFault_Handler
                0x0000000008000290                rt_hw_interrupt_check
 .text          0x00000000080002b0        0xc /usr/lib/gcc/arm-none-eabi/6.3.1/../../../arm-none-eabi/lib/thumb/v7-m/libc.a(lib_a-atexit.o)
                0x00000000080002b0                atexit
 .text          0x00000000080002bc       0x34 /usr/lib/gcc/arm-none-eabi/6.3.1/../../../arm-none-eabi/lib/thumb/v7-m/libc.a(lib_a-fini.o)
                0x00000000080002bc                __libc_fini_array
 .text          0x00000000080002f0       0xac /usr/lib/gcc/arm-none-eabi/6.3.1/../../../arm-none-eabi/lib/thumb/v7-m/libc.a(lib_a-__atexit.o)
                0x00000000080002f0                __register_exitproc
 *(.text.*)
 .text.reboot   0x000000000800039c       0x18 ./build/./bsp/stm32/libraries/HAL_Drivers/drv_common.o
 .text.rt_hw_systick_init
                0x00000000080003b4       0x34 ./build/./bsp/stm32/libraries/HAL_Drivers/drv_common.o
                0x00000000080003b4                rt_hw_systick_init
 .text.SysTick_Handler
                0x00000000080003e8       0x18 ./build/./bsp/stm32/libraries/HAL_Drivers/drv_common.o
                0x00000000080003e8                SysTick_Handler
 .text.HAL_GetTick
                0x0000000008000400       0x24 ./build/./bsp/stm32/libraries/HAL_Drivers/drv_common.o
                0x0000000008000400                HAL_GetTick
 .text.HAL_InitTick
                0x0000000008000424       0x14 ./build/./bsp/stm32/libraries/HAL_Drivers/drv_common.o
                0x0000000008000424                HAL_InitTick
 .text._Error_Handler
                0x0000000008000438        0xc ./build/./bsp/stm32/libraries/HAL_Drivers/drv_common.o
                0x0000000008000438                _Error_Handler
 .text.rt_hw_board_init
                0x0000000008000444       0x54 ./build/./bsp/stm32/libraries/HAL_Drivers/drv_common.o
                0x0000000008000444                rt_hw_board_init
 .text.get_pin  0x0000000008000498       0x44 ./build/./bsp/stm32/libraries/HAL_Drivers/drv_gpio.o
 .text.stm32_pin_write
                0x00000000080004dc       0x3c ./build/./bsp/stm32/libraries/HAL_Drivers/drv_gpio.o
 .text.stm32_pin_read
                0x0000000008000518       0x44 ./build/./bsp/stm32/libraries/HAL_Drivers/drv_gpio.o
 .text.stm32_pin_mode
                0x000000000800055c       0x98 ./build/./bsp/stm32/libraries/HAL_Drivers/drv_gpio.o
 .text.bit2bitno
                0x00000000080005f4       0x3c ./build/./bsp/stm32/libraries/HAL_Drivers/drv_gpio.o
 .text.get_pin_irq_map
                0x0000000008000630       0x34 ./build/./bsp/stm32/libraries/HAL_Drivers/drv_gpio.o
 .text.stm32_pin_attach_irq
                0x0000000008000664      0x148 ./build/./bsp/stm32/libraries/HAL_Drivers/drv_gpio.o
 .text.stm32_pin_dettach_irq
                0x00000000080007ac       0xd0 ./build/./bsp/stm32/libraries/HAL_Drivers/drv_gpio.o
 .text.stm32_pin_irq_enable
                0x000000000800087c      0x1e0 ./build/./bsp/stm32/libraries/HAL_Drivers/drv_gpio.o
 .text.pin_irq_hdr
                0x0000000008000a5c       0x54 ./build/./bsp/stm32/libraries/HAL_Drivers/drv_gpio.o
 .text.HAL_GPIO_EXTI_Callback
                0x0000000008000ab0       0x22 ./build/./bsp/stm32/libraries/HAL_Drivers/drv_gpio.o
                0x0000000008000ab0                HAL_GPIO_EXTI_Callback
 .text.EXTI0_IRQHandler
                0x0000000008000ad2       0x16 ./build/./bsp/stm32/libraries/HAL_Drivers/drv_gpio.o
                0x0000000008000ad2                EXTI0_IRQHandler
 .text.EXTI1_IRQHandler
                0x0000000008000ae8       0x16 ./build/./bsp/stm32/libraries/HAL_Drivers/drv_gpio.o
                0x0000000008000ae8                EXTI1_IRQHandler
 .text.EXTI2_IRQHandler
                0x0000000008000afe       0x16 ./build/./bsp/stm32/libraries/HAL_Drivers/drv_gpio.o
                0x0000000008000afe                EXTI2_IRQHandler
 .text.EXTI3_IRQHandler
                0x0000000008000b14       0x16 ./build/./bsp/stm32/libraries/HAL_Drivers/drv_gpio.o
                0x0000000008000b14                EXTI3_IRQHandler
 .text.EXTI4_IRQHandler
                0x0000000008000b2a       0x16 ./build/./bsp/stm32/libraries/HAL_Drivers/drv_gpio.o
                0x0000000008000b2a                EXTI4_IRQHandler
 .text.EXTI9_5_IRQHandler
                0x0000000008000b40       0x32 ./build/./bsp/stm32/libraries/HAL_Drivers/drv_gpio.o
                0x0000000008000b40                EXTI9_5_IRQHandler
 .text.EXTI15_10_IRQHandler
                0x0000000008000b72       0x40 ./build/./bsp/stm32/libraries/HAL_Drivers/drv_gpio.o
                0x0000000008000b72                EXTI15_10_IRQHandler
 *fill*         0x0000000008000bb2        0x2 00000000
 .text.rt_hw_pin_init
                0x0000000008000bb4       0xa0 ./build/./bsp/stm32/libraries/HAL_Drivers/drv_gpio.o
                0x0000000008000bb4                rt_hw_pin_init
 .text.__NVIC_EnableIRQ
                0x0000000008000c54       0x38 ./build/./bsp/stm32/libraries/HAL_Drivers/drv_usart.o
 .text.__NVIC_DisableIRQ
                0x0000000008000c8c       0x44 ./build/./bsp/stm32/libraries/HAL_Drivers/drv_usart.o
 .text.stm32_configure
                0x0000000008000cd0      0x11c ./build/./bsp/stm32/libraries/HAL_Drivers/drv_usart.o
 .text.stm32_control
                0x0000000008000dec      0x174 ./build/./bsp/stm32/libraries/HAL_Drivers/drv_usart.o
 .text.stm32_putc
                0x0000000008000f60       0x58 ./build/./bsp/stm32/libraries/HAL_Drivers/drv_usart.o
 .text.stm32_getc
                0x0000000008000fb8       0x50 ./build/./bsp/stm32/libraries/HAL_Drivers/drv_usart.o
 .text.stm32_dma_transmit
                0x0000000008001008       0x7c ./build/./bsp/stm32/libraries/HAL_Drivers/drv_usart.o
 .text.uart_isr
                0x0000000008001084      0x22c ./build/./bsp/stm32/libraries/HAL_Drivers/drv_usart.o
 .text.dma_isr  0x00000000080012b0       0xb8 ./build/./bsp/stm32/libraries/HAL_Drivers/drv_usart.o
 .text.USART1_IRQHandler
                0x0000000008001368       0x1c ./build/./bsp/stm32/libraries/HAL_Drivers/drv_usart.o
                0x0000000008001368                USART1_IRQHandler
 .text.DMA1_Channel5_IRQHandler
                0x0000000008001384       0x1c ./build/./bsp/stm32/libraries/HAL_Drivers/drv_usart.o
                0x0000000008001384                DMA1_Channel5_IRQHandler
 .text.stm32_uart_get_dma_config
                0x00000000080013a0       0x38 ./build/./bsp/stm32/libraries/HAL_Drivers/drv_usart.o
 .text.stm32_dma_config
                0x00000000080013d8      0x1d0 ./build/./bsp/stm32/libraries/HAL_Drivers/drv_usart.o
 .text.HAL_UART_ErrorCallback
                0x00000000080015a8       0x30 ./build/./bsp/stm32/libraries/HAL_Drivers/drv_usart.o
                0x00000000080015a8                HAL_UART_ErrorCallback
 .text.HAL_UART_RxCpltCallback
                0x00000000080015d8       0x38 ./build/./bsp/stm32/libraries/HAL_Drivers/drv_usart.o
                0x00000000080015d8                HAL_UART_RxCpltCallback
 .text.HAL_UART_RxHalfCpltCallback
                0x0000000008001610       0x38 ./build/./bsp/stm32/libraries/HAL_Drivers/drv_usart.o
                0x0000000008001610                HAL_UART_RxHalfCpltCallback
 .text._dma_tx_complete
                0x0000000008001648       0x54 ./build/./bsp/stm32/libraries/HAL_Drivers/drv_usart.o
 .text.HAL_UART_TxCpltCallback
                0x000000000800169c       0x38 ./build/./bsp/stm32/libraries/HAL_Drivers/drv_usart.o
                0x000000000800169c                HAL_UART_TxCpltCallback
 .text.rt_hw_usart_init
                0x00000000080016d4      0x108 ./build/./bsp/stm32/libraries/HAL_Drivers/drv_usart.o
                0x00000000080016d4                rt_hw_usart_init
 .text.SystemInit
                0x00000000080017dc       0x68 ./build/./bsp/stm32/libraries/STM32F1xx_HAL/CMSIS/Device/ST/STM32F1xx/Source/Templates/system_stm32f1xx.o
                0x00000000080017dc                SystemInit
 .text.HAL_Init
                0x0000000008001844       0x2c ./build/./bsp/stm32/libraries/STM32F1xx_HAL/STM32F1xx_HAL_Driver/Src/stm32f1xx_hal.o
                0x0000000008001844                HAL_Init
 .text.HAL_IncTick
                0x0000000008001870       0x24 ./build/./bsp/stm32/libraries/STM32F1xx_HAL/STM32F1xx_HAL_Driver/Src/stm32f1xx_hal.o
                0x0000000008001870                HAL_IncTick
 .text.__NVIC_SetPriorityGrouping
                0x0000000008001894       0x48 ./build/./bsp/stm32/libraries/STM32F1xx_HAL/STM32F1xx_HAL_Driver/Src/stm32f1xx_hal_cortex.o
 .text.__NVIC_GetPriorityGrouping
                0x00000000080018dc       0x1c ./build/./bsp/stm32/libraries/STM32F1xx_HAL/STM32F1xx_HAL_Driver/Src/stm32f1xx_hal_cortex.o
 .text.__NVIC_EnableIRQ
                0x00000000080018f8       0x38 ./build/./bsp/stm32/libraries/STM32F1xx_HAL/STM32F1xx_HAL_Driver/Src/stm32f1xx_hal_cortex.o
 .text.__NVIC_DisableIRQ
                0x0000000008001930       0x44 ./build/./bsp/stm32/libraries/STM32F1xx_HAL/STM32F1xx_HAL_Driver/Src/stm32f1xx_hal_cortex.o
 .text.__NVIC_SetPriority
                0x0000000008001974       0x54 ./build/./bsp/stm32/libraries/STM32F1xx_HAL/STM32F1xx_HAL_Driver/Src/stm32f1xx_hal_cortex.o
 .text.NVIC_EncodePriority
                0x00000000080019c8       0x60 ./build/./bsp/stm32/libraries/STM32F1xx_HAL/STM32F1xx_HAL_Driver/Src/stm32f1xx_hal_cortex.o
 .text.SysTick_Config
                0x0000000008001a28       0x44 ./build/./bsp/stm32/libraries/STM32F1xx_HAL/STM32F1xx_HAL_Driver/Src/stm32f1xx_hal_cortex.o
 .text.HAL_NVIC_SetPriorityGrouping
                0x0000000008001a6c       0x16 ./build/./bsp/stm32/libraries/STM32F1xx_HAL/STM32F1xx_HAL_Driver/Src/stm32f1xx_hal_cortex.o
                0x0000000008001a6c                HAL_NVIC_SetPriorityGrouping
 .text.HAL_NVIC_SetPriority
                0x0000000008001a82       0x38 ./build/./bsp/stm32/libraries/STM32F1xx_HAL/STM32F1xx_HAL_Driver/Src/stm32f1xx_hal_cortex.o
                0x0000000008001a82                HAL_NVIC_SetPriority
 .text.HAL_NVIC_EnableIRQ
                0x0000000008001aba       0x1c ./build/./bsp/stm32/libraries/STM32F1xx_HAL/STM32F1xx_HAL_Driver/Src/stm32f1xx_hal_cortex.o
                0x0000000008001aba                HAL_NVIC_EnableIRQ
 .text.HAL_NVIC_DisableIRQ
                0x0000000008001ad6       0x1c ./build/./bsp/stm32/libraries/STM32F1xx_HAL/STM32F1xx_HAL_Driver/Src/stm32f1xx_hal_cortex.o
                0x0000000008001ad6                HAL_NVIC_DisableIRQ
 .text.HAL_SYSTICK_Config
                0x0000000008001af2       0x18 ./build/./bsp/stm32/libraries/STM32F1xx_HAL/STM32F1xx_HAL_Driver/Src/stm32f1xx_hal_cortex.o
                0x0000000008001af2                HAL_SYSTICK_Config
 *fill*         0x0000000008001b0a        0x2 00000000
 .text.HAL_SYSTICK_CLKSourceConfig
                0x0000000008001b0c       0x38 ./build/./bsp/stm32/libraries/STM32F1xx_HAL/STM32F1xx_HAL_Driver/Src/stm32f1xx_hal_cortex.o
                0x0000000008001b0c                HAL_SYSTICK_CLKSourceConfig
 .text.HAL_DMA_Init
                0x0000000008001b44       0xb4 ./build/./bsp/stm32/libraries/STM32F1xx_HAL/STM32F1xx_HAL_Driver/Src/stm32f1xx_hal_dma.o
                0x0000000008001b44                HAL_DMA_Init
 .text.HAL_DMA_DeInit
                0x0000000008001bf8       0xb8 ./build/./bsp/stm32/libraries/STM32F1xx_HAL/STM32F1xx_HAL_Driver/Src/stm32f1xx_hal_dma.o
                0x0000000008001bf8                HAL_DMA_DeInit
 .text.HAL_DMA_Start_IT
                0x0000000008001cb0       0xbe ./build/./bsp/stm32/libraries/STM32F1xx_HAL/STM32F1xx_HAL_Driver/Src/stm32f1xx_hal_dma.o
                0x0000000008001cb0                HAL_DMA_Start_IT
 .text.HAL_DMA_Abort
                0x0000000008001d6e       0x74 ./build/./bsp/stm32/libraries/STM32F1xx_HAL/STM32F1xx_HAL_Driver/Src/stm32f1xx_hal_dma.o
                0x0000000008001d6e                HAL_DMA_Abort
 *fill*         0x0000000008001de2        0x2 00000000
 .text.HAL_DMA_Abort_IT
                0x0000000008001de4       0xf8 ./build/./bsp/stm32/libraries/STM32F1xx_HAL/STM32F1xx_HAL_Driver/Src/stm32f1xx_hal_dma.o
                0x0000000008001de4                HAL_DMA_Abort_IT
 .text.HAL_DMA_IRQHandler
                0x0000000008001edc      0x224 ./build/./bsp/stm32/libraries/STM32F1xx_HAL/STM32F1xx_HAL_Driver/Src/stm32f1xx_hal_dma.o
                0x0000000008001edc                HAL_DMA_IRQHandler
 .text.DMA_SetConfig
                0x0000000008002100       0x5a ./build/./bsp/stm32/libraries/STM32F1xx_HAL/STM32F1xx_HAL_Driver/Src/stm32f1xx_hal_dma.o
 *fill*         0x000000000800215a        0x2 00000000
 .text.HAL_GPIO_Init
                0x000000000800215c      0x2b4 ./build/./bsp/stm32/libraries/STM32F1xx_HAL/STM32F1xx_HAL_Driver/Src/stm32f1xx_hal_gpio.o
                0x000000000800215c                HAL_GPIO_Init
 .text.HAL_GPIO_DeInit
                0x0000000008002410      0x178 ./build/./bsp/stm32/libraries/STM32F1xx_HAL/STM32F1xx_HAL_Driver/Src/stm32f1xx_hal_gpio.o
                0x0000000008002410                HAL_GPIO_DeInit
 .text.HAL_GPIO_ReadPin
                0x0000000008002588       0x2e ./build/./bsp/stm32/libraries/STM32F1xx_HAL/STM32F1xx_HAL_Driver/Src/stm32f1xx_hal_gpio.o
                0x0000000008002588                HAL_GPIO_ReadPin
 .text.HAL_GPIO_WritePin
                0x00000000080025b6       0x30 ./build/./bsp/stm32/libraries/STM32F1xx_HAL/STM32F1xx_HAL_Driver/Src/stm32f1xx_hal_gpio.o
                0x00000000080025b6                HAL_GPIO_WritePin
 *fill*         0x00000000080025e6        0x2 00000000
 .text.HAL_GPIO_EXTI_IRQHandler
                0x00000000080025e8       0x30 ./build/./bsp/stm32/libraries/STM32F1xx_HAL/STM32F1xx_HAL_Driver/Src/stm32f1xx_hal_gpio.o
                0x00000000080025e8                HAL_GPIO_EXTI_IRQHandler
 .text.HAL_RCC_OscConfig
                0x0000000008002618      0x500 ./build/./bsp/stm32/libraries/STM32F1xx_HAL/STM32F1xx_HAL_Driver/Src/stm32f1xx_hal_rcc.o
                0x0000000008002618                HAL_RCC_OscConfig
 .text.HAL_RCC_ClockConfig
                0x0000000008002b18      0x1d4 ./build/./bsp/stm32/libraries/STM32F1xx_HAL/STM32F1xx_HAL_Driver/Src/stm32f1xx_hal_rcc.o
                0x0000000008002b18                HAL_RCC_ClockConfig
 .text.HAL_RCC_GetSysClockFreq
                0x0000000008002cec       0xc4 ./build/./bsp/stm32/libraries/STM32F1xx_HAL/STM32F1xx_HAL_Driver/Src/stm32f1xx_hal_rcc.o
                0x0000000008002cec                HAL_RCC_GetSysClockFreq
 .text.HAL_RCC_GetHCLKFreq
                0x0000000008002db0       0x14 ./build/./bsp/stm32/libraries/STM32F1xx_HAL/STM32F1xx_HAL_Driver/Src/stm32f1xx_hal_rcc.o
                0x0000000008002db0                HAL_RCC_GetHCLKFreq
 .text.HAL_RCC_GetPCLK1Freq
                0x0000000008002dc4       0x28 ./build/./bsp/stm32/libraries/STM32F1xx_HAL/STM32F1xx_HAL_Driver/Src/stm32f1xx_hal_rcc.o
                0x0000000008002dc4                HAL_RCC_GetPCLK1Freq
 .text.HAL_RCC_GetPCLK2Freq
                0x0000000008002dec       0x28 ./build/./bsp/stm32/libraries/STM32F1xx_HAL/STM32F1xx_HAL_Driver/Src/stm32f1xx_hal_rcc.o
                0x0000000008002dec                HAL_RCC_GetPCLK2Freq
 .text.RCC_Delay
                0x0000000008002e14       0x3c ./build/./bsp/stm32/libraries/STM32F1xx_HAL/STM32F1xx_HAL_Driver/Src/stm32f1xx_hal_rcc.o
 .text.HAL_UART_Init
                0x0000000008002e50       0x9a ./build/./bsp/stm32/libraries/STM32F1xx_HAL/STM32F1xx_HAL_Driver/Src/stm32f1xx_hal_uart.o
                0x0000000008002e50                HAL_UART_Init
 .text.HAL_UART_DeInit
                0x0000000008002eea       0x58 ./build/./bsp/stm32/libraries/STM32F1xx_HAL/STM32F1xx_HAL_Driver/Src/stm32f1xx_hal_uart.o
                0x0000000008002eea                HAL_UART_DeInit
 *fill*         0x0000000008002f42        0x2 00000000
 .text.HAL_UART_Transmit_DMA
                0x0000000008002f44       0xd8 ./build/./bsp/stm32/libraries/STM32F1xx_HAL/STM32F1xx_HAL_Driver/Src/stm32f1xx_hal_uart.o
                0x0000000008002f44                HAL_UART_Transmit_DMA
 .text.HAL_UART_Receive_DMA
                0x000000000800301c      0x100 ./build/./bsp/stm32/libraries/STM32F1xx_HAL/STM32F1xx_HAL_Driver/Src/stm32f1xx_hal_uart.o
                0x000000000800301c                HAL_UART_Receive_DMA
 .text.HAL_UART_IRQHandler
                0x000000000800311c      0x1f8 ./build/./bsp/stm32/libraries/STM32F1xx_HAL/STM32F1xx_HAL_Driver/Src/stm32f1xx_hal_uart.o
                0x000000000800311c                HAL_UART_IRQHandler
 .text.HAL_UART_TxHalfCpltCallback
                0x0000000008003314       0x12 ./build/./bsp/stm32/libraries/STM32F1xx_HAL/STM32F1xx_HAL_Driver/Src/stm32f1xx_hal_uart.o
                0x0000000008003314                HAL_UART_TxHalfCpltCallback
 .text.UART_DMATransmitCplt
                0x0000000008003326       0x52 ./build/./bsp/stm32/libraries/STM32F1xx_HAL/STM32F1xx_HAL_Driver/Src/stm32f1xx_hal_uart.o
 .text.UART_DMATxHalfCplt
                0x0000000008003378       0x1c ./build/./bsp/stm32/libraries/STM32F1xx_HAL/STM32F1xx_HAL_Driver/Src/stm32f1xx_hal_uart.o
 .text.UART_DMAReceiveCplt
                0x0000000008003394       0x68 ./build/./bsp/stm32/libraries/STM32F1xx_HAL/STM32F1xx_HAL_Driver/Src/stm32f1xx_hal_uart.o
 .text.UART_DMARxHalfCplt
                0x00000000080033fc       0x1c ./build/./bsp/stm32/libraries/STM32F1xx_HAL/STM32F1xx_HAL_Driver/Src/stm32f1xx_hal_uart.o
 .text.UART_DMAError
                0x0000000008003418       0x94 ./build/./bsp/stm32/libraries/STM32F1xx_HAL/STM32F1xx_HAL_Driver/Src/stm32f1xx_hal_uart.o
 .text.UART_EndTxTransfer
                0x00000000080034ac       0x2a ./build/./bsp/stm32/libraries/STM32F1xx_HAL/STM32F1xx_HAL_Driver/Src/stm32f1xx_hal_uart.o
 .text.UART_EndRxTransfer
                0x00000000080034d6       0x3a ./build/./bsp/stm32/libraries/STM32F1xx_HAL/STM32F1xx_HAL_Driver/Src/stm32f1xx_hal_uart.o
 .text.UART_DMAAbortOnError
                0x0000000008003510       0x28 ./build/./bsp/stm32/libraries/STM32F1xx_HAL/STM32F1xx_HAL_Driver/Src/stm32f1xx_hal_uart.o
 .text.UART_Transmit_IT
                0x0000000008003538       0xa8 ./build/./bsp/stm32/libraries/STM32F1xx_HAL/STM32F1xx_HAL_Driver/Src/stm32f1xx_hal_uart.o
 .text.UART_EndTransmit_IT
                0x00000000080035e0       0x30 ./build/./bsp/stm32/libraries/STM32F1xx_HAL/STM32F1xx_HAL_Driver/Src/stm32f1xx_hal_uart.o
 .text.UART_Receive_IT
                0x0000000008003610      0x102 ./build/./bsp/stm32/libraries/STM32F1xx_HAL/STM32F1xx_HAL_Driver/Src/stm32f1xx_hal_uart.o
 *fill*         0x0000000008003712        0x2 00000000
 .text.UART_SetConfig
                0x0000000008003714      0x1b4 ./build/./bsp/stm32/libraries/STM32F1xx_HAL/STM32F1xx_HAL_Driver/Src/stm32f1xx_hal_uart.o
 .text.main     0x00000000080038c8       0x74 ./build/bsp/applications/main.o
                0x00000000080038c8                main
 .text.HAL_MspInit
                0x000000000800393c       0x64 ./build/bsp/board/CubeMX_Config/Src/stm32f1xx_hal_msp.o
                0x000000000800393c                HAL_MspInit
 .text.HAL_UART_MspInit
                0x00000000080039a0       0x98 ./build/bsp/board/CubeMX_Config/Src/stm32f1xx_hal_msp.o
                0x00000000080039a0                HAL_UART_MspInit
 .text.HAL_UART_MspDeInit
                0x0000000008003a38       0x3c ./build/bsp/board/CubeMX_Config/Src/stm32f1xx_hal_msp.o
                0x0000000008003a38                HAL_UART_MspDeInit
 .text.SystemClock_Config
                0x0000000008003a74       0x98 ./build/bsp/board/board.o
                0x0000000008003a74                SystemClock_Config
 .text._pin_read
                0x0000000008003b0c       0x60 ./build/./components/drivers/misc/pin.o
 .text._pin_write
                0x0000000008003b6c       0x5c ./build/./components/drivers/misc/pin.o
 .text._pin_control
                0x0000000008003bc8       0x58 ./build/./components/drivers/misc/pin.o
 .text.rt_device_pin_register
                0x0000000008003c20       0x74 ./build/./components/drivers/misc/pin.o
                0x0000000008003c20                rt_device_pin_register
 .text.rt_pin_mode
                0x0000000008003c94       0x40 ./build/./components/drivers/misc/pin.o
                0x0000000008003c94                rt_pin_mode
 .text.rt_pin_write
                0x0000000008003cd4       0x40 ./build/./components/drivers/misc/pin.o
                0x0000000008003cd4                rt_pin_write
 .text.rt_pin_read
                0x0000000008003d14       0x3c ./build/./components/drivers/misc/pin.o
                0x0000000008003d14                rt_pin_read
 .text._serial_poll_rx
                0x0000000008003d50       0x74 ./build/./components/drivers/serial/serial.o
 .text._serial_poll_tx
                0x0000000008003dc4       0x7c ./build/./components/drivers/serial/serial.o
 .text._serial_int_rx
                0x0000000008003e40       0xd8 ./build/./components/drivers/serial/serial.o
 .text._serial_int_tx
                0x0000000008003f18       0x90 ./build/./components/drivers/serial/serial.o
 .text._serial_check_buffer_size
                0x0000000008003fa8       0x38 ./build/./components/drivers/serial/serial.o
 .text._serial_fifo_calc_recved_len
                0x0000000008003fe0       0x88 ./build/./components/drivers/serial/serial.o
 .text.rt_dma_calc_recved_len
                0x0000000008004068       0x18 ./build/./components/drivers/serial/serial.o
 .text.rt_dma_recv_update_get_index
                0x0000000008004080       0xa4 ./build/./components/drivers/serial/serial.o
 .text.rt_dma_recv_update_put_index
                0x0000000008004124       0xf8 ./build/./components/drivers/serial/serial.o
 .text._serial_dma_rx
                0x000000000800421c      0x198 ./build/./components/drivers/serial/serial.o
 .text._serial_dma_tx
                0x00000000080043b4       0x70 ./build/./components/drivers/serial/serial.o
 .text.rt_serial_init
                0x0000000008004424       0x5c ./build/./components/drivers/serial/serial.o
 .text.rt_serial_open
                0x0000000008004480      0x36c ./build/./components/drivers/serial/serial.o
 .text.rt_serial_close
                0x00000000080047ec      0x1e0 ./build/./components/drivers/serial/serial.o
 .text.rt_serial_read
                0x00000000080049cc       0x84 ./build/./components/drivers/serial/serial.o
 .text.rt_serial_write
                0x0000000008004a50       0x84 ./build/./components/drivers/serial/serial.o
 .text.rt_serial_control
                0x0000000008004ad4       0xd0 ./build/./components/drivers/serial/serial.o
 .text.rt_hw_serial_register
                0x0000000008004ba4       0x9c ./build/./components/drivers/serial/serial.o
                0x0000000008004ba4                rt_hw_serial_register
 .text.rt_hw_serial_isr
                0x0000000008004c40      0x264 ./build/./components/drivers/serial/serial.o
                0x0000000008004c40                rt_hw_serial_isr
 .text.rt_list_init
                0x0000000008004ea4       0x20 ./build/./components/drivers/src/completion.o
 .text.rt_list_insert_before
                0x0000000008004ec4       0x30 ./build/./components/drivers/src/completion.o
 .text.rt_list_isempty
                0x0000000008004ef4       0x22 ./build/./components/drivers/src/completion.o
 *fill*         0x0000000008004f16        0x2 00000000
 .text.rt_completion_init
                0x0000000008004f18       0x44 ./build/./components/drivers/src/completion.o
                0x0000000008004f18                rt_completion_init
 .text.rt_completion_wait
                0x0000000008004f5c       0xfc ./build/./components/drivers/src/completion.o
                0x0000000008004f5c                rt_completion_wait
 .text.rt_completion_done
                0x0000000008005058       0x70 ./build/./components/drivers/src/completion.o
                0x0000000008005058                rt_completion_done
 .text.rt_list_init
                0x00000000080050c8       0x20 ./build/./components/drivers/src/dataqueue.o
 .text.rt_list_insert_before
                0x00000000080050e8       0x30 ./build/./components/drivers/src/dataqueue.o
 .text.rt_list_isempty
                0x0000000008005118       0x22 ./build/./components/drivers/src/dataqueue.o
 *fill*         0x000000000800513a        0x2 00000000
 .text.rt_data_queue_init
                0x000000000800513c       0x90 ./build/./components/drivers/src/dataqueue.o
                0x000000000800513c                rt_data_queue_init
 .text.rt_data_queue_push
                0x00000000080051cc      0x1ac ./build/./components/drivers/src/dataqueue.o
                0x00000000080051cc                rt_data_queue_push
 .text.rt_data_queue_pop
                0x0000000008005378      0x200 ./build/./components/drivers/src/dataqueue.o
                0x0000000008005378                rt_data_queue_pop
 .text.rt_data_queue_peak
                0x0000000008005578       0xb8 ./build/./components/drivers/src/dataqueue.o
                0x0000000008005578                rt_data_queue_peak
 .text.rt_data_queue_reset
                0x0000000008005630       0xb0 ./build/./components/drivers/src/dataqueue.o
                0x0000000008005630                rt_data_queue_reset
 .text.rt_data_queue_deinit
                0x00000000080056e0       0x70 ./build/./components/drivers/src/dataqueue.o
                0x00000000080056e0                rt_data_queue_deinit
 .text.rt_list_isempty
                0x0000000008005750       0x22 ./build/./components/finsh/cmd.o
 .text.rt_list_len
                0x0000000008005772       0x34 ./build/./components/finsh/cmd.o
 *fill*         0x00000000080057a6        0x2 00000000
 .text.hello    0x00000000080057a8       0x14 ./build/./components/finsh/cmd.o
                0x00000000080057a8                hello
 .text.clear    0x00000000080057bc       0x14 ./build/./components/finsh/cmd.o
                0x00000000080057bc                clear
 .text.version  0x00000000080057d0        0xe ./build/./components/finsh/cmd.o
                0x00000000080057d0                version
 *fill*         0x00000000080057de        0x2 00000000
 .text.object_split
                0x00000000080057e0       0x28 ./build/./components/finsh/cmd.o
 .text.list_find_init
                0x0000000008005808       0x46 ./build/./components/finsh/cmd.o
 .text.list_get_next
                0x000000000800584e       0xc6 ./build/./components/finsh/cmd.o
 .text.list_thread
                0x0000000008005914      0x208 ./build/./components/finsh/cmd.o
                0x0000000008005914                list_thread
 .text.show_wait_queue
                0x0000000008005b1c       0x50 ./build/./components/finsh/cmd.o
 .text.list_sem
                0x0000000008005b6c      0x12c ./build/./components/finsh/cmd.o
                0x0000000008005b6c                list_sem
 .text.list_event
                0x0000000008005c98      0x118 ./build/./components/finsh/cmd.o
                0x0000000008005c98                list_event
 .text.list_mutex
                0x0000000008005db0       0xe8 ./build/./components/finsh/cmd.o
                0x0000000008005db0                list_mutex
 .text.list_mailbox
                0x0000000008005e98      0x13c ./build/./components/finsh/cmd.o
                0x0000000008005e98                list_mailbox
 .text.list_msgqueue
                0x0000000008005fd4      0x12c ./build/./components/finsh/cmd.o
                0x0000000008005fd4                list_msgqueue
 .text.list_mempool
                0x0000000008006100      0x144 ./build/./components/finsh/cmd.o
                0x0000000008006100                list_mempool
 .text.list_timer
                0x0000000008006244      0x108 ./build/./components/finsh/cmd.o
                0x0000000008006244                list_timer
 .text.list_device
                0x000000000800634c       0xf0 ./build/./components/finsh/cmd.o
                0x000000000800634c                list_device
 .text.list     0x000000000800643c       0x6c ./build/./components/finsh/cmd.o
                0x000000000800643c                list
 .text.msh_is_used
                0x00000000080064a8        0xe ./build/./components/finsh/msh.o
                0x00000000080064a8                msh_is_used
 *fill*         0x00000000080064b6        0x2 00000000
 .text.msh_help
                0x00000000080064b8       0x7c ./build/./components/finsh/msh.o
                0x00000000080064b8                msh_help
 .text.cmd_ps   0x0000000008006534       0x18 ./build/./components/finsh/msh.o
                0x0000000008006534                cmd_ps
 .text.cmd_free
                0x000000000800654c       0x18 ./build/./components/finsh/msh.o
                0x000000000800654c                cmd_free
 .text.msh_split
                0x0000000008006564      0x170 ./build/./components/finsh/msh.o
 .text.msh_get_cmd
                0x00000000080066d4       0x80 ./build/./components/finsh/msh.o
 .text._msh_exec_cmd
                0x0000000008006754       0xd4 ./build/./components/finsh/msh.o
 .text.msh_exec
                0x0000000008006828       0x84 ./build/./components/finsh/msh.o
                0x0000000008006828                msh_exec
 .text.str_common
                0x00000000080068ac       0x48 ./build/./components/finsh/msh.o
 .text.msh_auto_complete
                0x00000000080068f4       0xd0 ./build/./components/finsh/msh.o
                0x00000000080068f4                msh_auto_complete
 .text.finsh_get_prompt
                0x00000000080069c4       0xa0 ./build/./components/finsh/shell.o
                0x00000000080069c4                finsh_get_prompt
 .text.finsh_set_prompt_mode
                0x0000000008006a64       0x48 ./build/./components/finsh/shell.o
                0x0000000008006a64                finsh_set_prompt_mode
 .text.finsh_getchar
                0x0000000008006aac       0x5c ./build/./components/finsh/shell.o
 .text.finsh_rx_ind
                0x0000000008006b08       0x3c ./build/./components/finsh/shell.o
 .text.finsh_set_device
                0x0000000008006b44       0xd8 ./build/./components/finsh/shell.o
                0x0000000008006b44                finsh_set_device
 .text.shell_auto_complete
                0x0000000008006c1c       0x40 ./build/./components/finsh/shell.o
 .text.shell_handle_history
                0x0000000008006c5c       0x34 ./build/./components/finsh/shell.o
 .text.shell_push_history
                0x0000000008006c90      0x15e ./build/./components/finsh/shell.o
 *fill*         0x0000000008006dee        0x2 00000000
 .text.finsh_thread_entry
                0x0000000008006df0      0x5d8 ./build/./components/finsh/shell.o
                0x0000000008006df0                finsh_thread_entry
 .text.finsh_system_function_init
                0x00000000080073c8       0x28 ./build/./components/finsh/shell.o
                0x00000000080073c8                finsh_system_function_init
 .text.finsh_system_var_init
                0x00000000080073f0       0x28 ./build/./components/finsh/shell.o
                0x00000000080073f0                finsh_system_var_init
 .text.finsh_system_init
                0x0000000008007418       0xac ./build/./components/finsh/shell.o
                0x0000000008007418                finsh_system_init
 .text.malloc   0x00000000080074c4       0x18 ./build/./components/libc/compilers/minilibc/stdlib.o
                0x00000000080074c4                malloc
 .text.strncpy  0x00000000080074dc       0x20 ./build/./components/libc/compilers/minilibc/string.o
                0x00000000080074dc                strncpy
 .text.strncmp  0x00000000080074fc       0x4a ./build/./components/libc/compilers/minilibc/string.o
                0x00000000080074fc                strncmp
 *fill*         0x0000000008007546        0x2 00000000
 .text.rt_hw_stack_init
                0x0000000008007548       0x88 ./build/./libcpu/arm/cortex-m3/cpuport.o
                0x0000000008007548                rt_hw_stack_init
 .text.usage_fault_track
                0x00000000080075d0       0xc4 ./build/./libcpu/arm/cortex-m3/cpuport.o
 .text.bus_fault_track
                0x0000000008007694       0xcc ./build/./libcpu/arm/cortex-m3/cpuport.o
 .text.mem_manage_fault_track
                0x0000000008007760       0xb4 ./build/./libcpu/arm/cortex-m3/cpuport.o
 .text.hard_fault_track
                0x0000000008007814       0x78 ./build/./libcpu/arm/cortex-m3/cpuport.o
 .text.rt_hw_hard_fault_exception
                0x000000000800788c      0x168 ./build/./libcpu/arm/cortex-m3/cpuport.o
                0x000000000800788c                rt_hw_hard_fault_exception
 .text.rt_hw_cpu_reset
                0x00000000080079f4       0x1c ./build/./libcpu/arm/cortex-m3/cpuport.o
                0x00000000080079f4                rt_hw_cpu_reset
 .text.rt_tick_get
                0x0000000008007a10       0x14 ./build/./src/clock.o
                0x0000000008007a10                rt_tick_get
 .text.rt_tick_increase
                0x0000000008007a24       0x58 ./build/./src/clock.o
                0x0000000008007a24                rt_tick_increase
 .text.rt_tick_from_millisecond
                0x0000000008007a7c       0x78 ./build/./src/clock.o
                0x0000000008007a7c                rt_tick_from_millisecond
 .text.rti_start
                0x0000000008007af4        0xe ./build/./src/components.o
 .text.rti_board_start
                0x0000000008007b02        0xe ./build/./src/components.o
 .text.rti_board_end
                0x0000000008007b10        0xe ./build/./src/components.o
 .text.rti_end  0x0000000008007b1e        0xe ./build/./src/components.o
 .text.rt_components_board_init
                0x0000000008007b2c       0x30 ./build/./src/components.o
                0x0000000008007b2c                rt_components_board_init
 .text.rt_components_init
                0x0000000008007b5c       0x30 ./build/./src/components.o
                0x0000000008007b5c                rt_components_init
 .text.entry    0x0000000008007b8c        0xe ./build/./src/components.o
                0x0000000008007b8c                entry
 .text.main_thread_entry
                0x0000000008007b9a       0x18 ./build/./src/components.o
                0x0000000008007b9a                main_thread_entry
 *fill*         0x0000000008007bb2        0x2 00000000
 .text.rt_application_init
                0x0000000008007bb4       0x4c ./build/./src/components.o
                0x0000000008007bb4                rt_application_init
 .text.rtthread_startup
                0x0000000008007c00       0x2e ./build/./src/components.o
                0x0000000008007c00                rtthread_startup
 .text.rt_device_register
                0x0000000008007c2e       0x54 ./build/./src/device.o
                0x0000000008007c2e                rt_device_register
 *fill*         0x0000000008007c82        0x2 00000000
 .text.rt_device_find
                0x0000000008007c84       0x90 ./build/./src/device.o
                0x0000000008007c84                rt_device_find
 .text.rt_device_open
                0x0000000008007d14      0x11c ./build/./src/device.o
                0x0000000008007d14                rt_device_open
 .text.rt_device_close
                0x0000000008007e30       0x9c ./build/./src/device.o
                0x0000000008007e30                rt_device_close
 .text.rt_device_read
                0x0000000008007ecc       0x88 ./build/./src/device.o
                0x0000000008007ecc                rt_device_read
 .text.rt_device_write
                0x0000000008007f54       0x88 ./build/./src/device.o
                0x0000000008007f54                rt_device_write
 .text.rt_device_set_rx_indicate
                0x0000000008007fdc       0x54 ./build/./src/device.o
                0x0000000008007fdc                rt_device_set_rx_indicate
 .text.rt_list_remove
                0x0000000008008030       0x34 ./build/./src/idle.o
 .text._has_defunct_thread
                0x0000000008008064       0x28 ./build/./src/idle.o
 .text.rt_thread_idle_excute
                0x000000000800808c       0xc8 ./build/./src/idle.o
                0x000000000800808c                rt_thread_idle_excute
 .text.rt_thread_idle_entry
                0x0000000008008154       0x3c ./build/./src/idle.o
 .text.rt_thread_idle_init
                0x0000000008008190       0x74 ./build/./src/idle.o
                0x0000000008008190                rt_thread_idle_init
 .text.rt_list_init
                0x0000000008008204       0x20 ./build/./src/ipc.o
 .text.rt_list_insert_before
                0x0000000008008224       0x30 ./build/./src/ipc.o
 .text.rt_list_isempty
                0x0000000008008254       0x22 ./build/./src/ipc.o
 .text.rt_ipc_object_init
                0x0000000008008276       0x1c ./build/./src/ipc.o
 .text.rt_ipc_list_suspend
                0x0000000008008292       0x8e ./build/./src/ipc.o
 .text.rt_ipc_list_resume
                0x0000000008008320       0x20 ./build/./src/ipc.o
 .text.rt_sem_init
                0x0000000008008340       0x68 ./build/./src/ipc.o
                0x0000000008008340                rt_sem_init
 .text.rt_sem_take
                0x00000000080083a8      0x160 ./build/./src/ipc.o
                0x00000000080083a8                rt_sem_take
 .text.rt_sem_release
                0x0000000008008508       0xa0 ./build/./src/ipc.o
                0x0000000008008508                rt_sem_release
 .text.rt_interrupt_enter
                0x00000000080085a8       0x40 ./build/./src/irq.o
                0x00000000080085a8                rt_interrupt_enter
 .text.rt_interrupt_leave
                0x00000000080085e8       0x40 ./build/./src/irq.o
                0x00000000080085e8                rt_interrupt_leave
 .text.rt_interrupt_get_nest
                0x0000000008008628       0x28 ./build/./src/irq.o
                0x0000000008008628                rt_interrupt_get_nest
 .text.rt_set_errno
                0x0000000008008650       0x40 ./build/./src/kservice.o
                0x0000000008008650                rt_set_errno
 .text.rt_memset
                0x0000000008008690       0xb4 ./build/./src/kservice.o
                0x0000000008008690                memset
                0x0000000008008690                rt_memset
 .text.rt_memcpy
                0x0000000008008744       0xd0 ./build/./src/kservice.o
                0x0000000008008744                memcpy
                0x0000000008008744                rt_memcpy
 .text.rt_memmove
                0x0000000008008814       0x80 ./build/./src/kservice.o
                0x0000000008008814                memmove
                0x0000000008008814                rt_memmove
 .text.rt_memcmp
                0x0000000008008894       0x56 ./build/./src/kservice.o
                0x0000000008008894                memcmp
                0x0000000008008894                rt_memcmp
 .text.rt_strncpy
                0x00000000080088ea       0x62 ./build/./src/kservice.o
                0x00000000080088ea                rt_strncpy
 .text.rt_strncmp
                0x000000000800894c       0x4a ./build/./src/kservice.o
                0x000000000800894c                rt_strncmp
 .text.rt_strlen
                0x0000000008008996       0x2c ./build/./src/kservice.o
                0x0000000008008996                rt_strlen
                0x0000000008008996                strlen
 *fill*         0x00000000080089c2        0x2 00000000
 .text.rt_show_version
                0x00000000080089c4       0x44 ./build/./src/kservice.o
                0x00000000080089c4                rt_show_version
 .text.divide   0x0000000008008a08       0x68 ./build/./src/kservice.o
 .text.skip_atoi
                0x0000000008008a70       0x40 ./build/./src/kservice.o
 .text.print_number
                0x0000000008008ab0      0x1dc ./build/./src/kservice.o
 .text.rt_vsnprintf
                0x0000000008008c8c      0x548 ./build/./src/kservice.o
                0x0000000008008c8c                rt_vsnprintf
 .text.rt_vsprintf
                0x00000000080091d4       0x24 ./build/./src/kservice.o
                0x00000000080091d4                vsprintf
                0x00000000080091d4                rt_vsprintf
 .text.rt_sprintf
                0x00000000080091f8       0x2c ./build/./src/kservice.o
                0x00000000080091f8                rt_sprintf
                0x00000000080091f8                sprintf
 .text.rt_console_get_device
                0x0000000008009224       0x14 ./build/./src/kservice.o
                0x0000000008009224                rt_console_get_device
 .text.rt_console_set_device
                0x0000000008009238       0x4c ./build/./src/kservice.o
                0x0000000008009238                rt_console_set_device
 .text.rt_hw_console_output
                0x0000000008009284       0x12 ./build/./src/kservice.o
                0x0000000008009284                rt_hw_console_output
 *fill*         0x0000000008009296        0x2 00000000
 .text.rt_kprintf
                0x0000000008009298       0x80 ./build/./src/kservice.o
                0x0000000008009298                rt_kprintf
 .text.__rt_ffs
                0x0000000008009318       0x70 ./build/./src/kservice.o
                0x0000000008009318                __rt_ffs
 .text.rt_assert_handler
                0x0000000008009388       0x4c ./build/./src/kservice.o
                0x0000000008009388                rt_assert_handler
 .text.plug_holes
                0x00000000080093d4      0x100 ./build/./src/mem.o
 .text.rt_system_heap_init
                0x00000000080094d4      0x118 ./build/./src/mem.o
                0x00000000080094d4                rt_system_heap_init
 .text.rt_malloc
                0x00000000080095ec      0x294 ./build/./src/mem.o
                0x00000000080095ec                rt_malloc
 .text.rt_calloc
                0x0000000008009880       0x3c ./build/./src/mem.o
                0x0000000008009880                rt_calloc
 .text.rt_free  0x00000000080098bc      0x188 ./build/./src/mem.o
                0x00000000080098bc                rt_free
 .text.list_mem
                0x0000000008009a44       0x44 ./build/./src/mem.o
                0x0000000008009a44                list_mem
 .text.rt_list_insert_after
                0x0000000008009a88       0x30 ./build/./src/object.o
 .text.rt_list_remove
                0x0000000008009ab8       0x34 ./build/./src/object.o
 .text.rt_object_get_information
                0x0000000008009aec       0x48 ./build/./src/object.o
                0x0000000008009aec                rt_object_get_information
 .text.rt_object_init
                0x0000000008009b34       0xcc ./build/./src/object.o
                0x0000000008009b34                rt_object_init
 .text.rt_object_detach
                0x0000000008009c00       0x5c ./build/./src/object.o
                0x0000000008009c00                rt_object_detach
 .text.rt_object_allocate
                0x0000000008009c5c       0xd8 ./build/./src/object.o
                0x0000000008009c5c                rt_object_allocate
 .text.rt_object_delete
                0x0000000008009d34       0x7c ./build/./src/object.o
                0x0000000008009d34                rt_object_delete
 .text.rt_object_is_systemobject
                0x0000000008009db0       0x3c ./build/./src/object.o
                0x0000000008009db0                rt_object_is_systemobject
 .text.rt_object_get_type
                0x0000000008009dec       0x34 ./build/./src/object.o
                0x0000000008009dec                rt_object_get_type
 .text.rt_list_init
                0x0000000008009e20       0x20 ./build/./src/scheduler.o
 .text.rt_list_insert_before
                0x0000000008009e40       0x30 ./build/./src/scheduler.o
 .text.rt_list_remove
                0x0000000008009e70       0x34 ./build/./src/scheduler.o
 .text.rt_list_isempty
                0x0000000008009ea4       0x22 ./build/./src/scheduler.o
 *fill*         0x0000000008009ec6        0x2 00000000
 .text._rt_scheduler_stack_check
                0x0000000008009ec8       0x98 ./build/./src/scheduler.o
 .text._get_highest_priority_thread
                0x0000000008009f60       0x38 ./build/./src/scheduler.o
 .text.rt_system_scheduler_init
                0x0000000008009f98       0x40 ./build/./src/scheduler.o
                0x0000000008009f98                rt_system_scheduler_init
 .text.rt_system_scheduler_start
                0x0000000008009fd8       0x38 ./build/./src/scheduler.o
                0x0000000008009fd8                rt_system_scheduler_start
 .text.rt_schedule
                0x000000000800a010      0x188 ./build/./src/scheduler.o
                0x000000000800a010                rt_schedule
 .text.rt_schedule_insert_thread
                0x000000000800a198       0xac ./build/./src/scheduler.o
                0x000000000800a198                rt_schedule_insert_thread
 .text.rt_schedule_remove_thread
                0x000000000800a244       0x70 ./build/./src/scheduler.o
                0x000000000800a244                rt_schedule_remove_thread
 .text.rt_enter_critical
                0x000000000800a2b4       0x2c ./build/./src/scheduler.o
                0x000000000800a2b4                rt_enter_critical
 .text.rt_exit_critical
                0x000000000800a2e0       0x54 ./build/./src/scheduler.o
                0x000000000800a2e0                rt_exit_critical
 .text.rt_list_init
                0x000000000800a334       0x20 ./build/./src/thread.o
 .text.rt_list_insert_after
                0x000000000800a354       0x30 ./build/./src/thread.o
 .text.rt_list_remove
                0x000000000800a384       0x34 ./build/./src/thread.o
 .text.rt_thread_exit
                0x000000000800a3b8       0x68 ./build/./src/thread.o
                0x000000000800a3b8                rt_thread_exit
 .text._rt_thread_init
                0x000000000800a420       0xf8 ./build/./src/thread.o
 .text.rt_thread_init
                0x000000000800a518       0x6c ./build/./src/thread.o
                0x000000000800a518                rt_thread_init
 .text.rt_thread_self
                0x000000000800a584       0x14 ./build/./src/thread.o
                0x000000000800a584                rt_thread_self
 .text.rt_thread_startup
                0x000000000800a598       0xa0 ./build/./src/thread.o
                0x000000000800a598                rt_thread_startup
 .text.rt_thread_create
                0x000000000800a638       0x62 ./build/./src/thread.o
                0x000000000800a638                rt_thread_create
 .text.rt_thread_yield
                0x000000000800a69a        0xe ./build/./src/thread.o
                0x000000000800a69a                rt_thread_yield
 .text.rt_thread_sleep
                0x000000000800a6a8       0x8c ./build/./src/thread.o
                0x000000000800a6a8                rt_thread_sleep
 .text.rt_thread_mdelay
                0x000000000800a734       0x20 ./build/./src/thread.o
                0x000000000800a734                rt_thread_mdelay
 .text.rt_thread_suspend
                0x000000000800a754       0xcc ./build/./src/thread.o
                0x000000000800a754                rt_thread_suspend
 .text.rt_thread_resume
                0x000000000800a820       0x98 ./build/./src/thread.o
                0x000000000800a820                rt_thread_resume
 .text.rt_thread_timeout
                0x000000000800a8b8       0x84 ./build/./src/thread.o
                0x000000000800a8b8                rt_thread_timeout
 .text.rt_list_init
                0x000000000800a93c       0x20 ./build/./src/timer.o
 .text.rt_list_insert_after
                0x000000000800a95c       0x30 ./build/./src/timer.o
 .text.rt_list_remove
                0x000000000800a98c       0x34 ./build/./src/timer.o
 .text.rt_list_isempty
                0x000000000800a9c0       0x22 ./build/./src/timer.o
 .text._rt_timer_init
                0x000000000800a9e2       0x68 ./build/./src/timer.o
 .text._rt_timer_remove
                0x000000000800aa4a       0x34 ./build/./src/timer.o
 *fill*         0x000000000800aa7e        0x2 00000000
 .text.rt_timer_init
                0x000000000800aa80       0x48 ./build/./src/timer.o
                0x000000000800aa80                rt_timer_init
 .text.rt_timer_detach
                0x000000000800aac8       0x7c ./build/./src/timer.o
                0x000000000800aac8                rt_timer_detach
 .text.rt_timer_start
                0x000000000800ab44      0x1fc ./build/./src/timer.o
                0x000000000800ab44                rt_timer_start
 .text.rt_timer_stop
                0x000000000800ad40       0x94 ./build/./src/timer.o
                0x000000000800ad40                rt_timer_stop
 .text.rt_timer_control
                0x000000000800add4       0xc0 ./build/./src/timer.o
                0x000000000800add4                rt_timer_control
 .text.rt_timer_check
                0x000000000800ae94       0xcc ./build/./src/timer.o
                0x000000000800ae94                rt_timer_check
 .text.rt_system_timer_init
                0x000000000800af60       0x34 ./build/./src/timer.o
                0x000000000800af60                rt_system_timer_init
 .text.rt_system_timer_thread_init
                0x000000000800af94        0xc ./build/./src/timer.o
                0x000000000800af94                rt_system_timer_thread_init
 .text.Reset_Handler
                0x000000000800afa0       0x44 ./build/./bsp/stm32/libraries/STM32F1xx_HAL/CMSIS/Device/ST/STM32F1xx/Source/Templates/gcc/startup_stm32f103xb.o
                0x000000000800afa0                Reset_Handler
 .text.Default_Handler
                0x000000000800afe4        0x2 ./build/./bsp/stm32/libraries/STM32F1xx_HAL/CMSIS/Device/ST/STM32F1xx/Source/Templates/gcc/startup_stm32f103xb.o
                0x000000000800afe4                RTC_Alarm_IRQHandler
                0x000000000800afe4                DebugMon_Handler
                0x000000000800afe4                TIM1_CC_IRQHandler
                0x000000000800afe4                PVD_IRQHandler
                0x000000000800afe4                NMI_Handler
                0x000000000800afe4                I2C2_EV_IRQHandler
                0x000000000800afe4                UsageFault_Handler
                0x000000000800afe4                ADC1_2_IRQHandler
                0x000000000800afe4                SPI1_IRQHandler
                0x000000000800afe4                TAMPER_IRQHandler
                0x000000000800afe4                DMA1_Channel4_IRQHandler
                0x000000000800afe4                USART3_IRQHandler
                0x000000000800afe4                RTC_IRQHandler
                0x000000000800afe4                DMA1_Channel7_IRQHandler
                0x000000000800afe4                CAN1_RX1_IRQHandler
                0x000000000800afe4                TIM4_IRQHandler
                0x000000000800afe4                I2C1_EV_IRQHandler
                0x000000000800afe4                DMA1_Channel6_IRQHandler
                0x000000000800afe4                TIM3_IRQHandler
                0x000000000800afe4                RCC_IRQHandler
                0x000000000800afe4                TIM1_TRG_COM_IRQHandler
                0x000000000800afe4                DMA1_Channel1_IRQHandler
                0x000000000800afe4                Default_Handler
                0x000000000800afe4                SPI2_IRQHandler
                0x000000000800afe4                MemManage_Handler
                0x000000000800afe4                SVC_Handler
                0x000000000800afe4                USB_LP_CAN1_RX0_IRQHandler
                0x000000000800afe4                USB_HP_CAN1_TX_IRQHandler
                0x000000000800afe4                DMA1_Channel3_IRQHandler
                0x000000000800afe4                TIM1_UP_IRQHandler
                0x000000000800afe4                WWDG_IRQHandler
                0x000000000800afe4                TIM2_IRQHandler
                0x000000000800afe4                TIM1_BRK_IRQHandler
                0x000000000800afe4                USART2_IRQHandler
                0x000000000800afe4                I2C2_ER_IRQHandler
                0x000000000800afe4                DMA1_Channel2_IRQHandler
                0x000000000800afe4                CAN1_SCE_IRQHandler
                0x000000000800afe4                FLASH_IRQHandler
                0x000000000800afe4                BusFault_Handler
                0x000000000800afe4                I2C1_ER_IRQHandler
                0x000000000800afe4                USBWakeUp_IRQHandler
 *fill*         0x000000000800afe6        0x2 00000000
 .text.startup  0x000000000800afe8       0x14 /usr/lib/gcc/arm-none-eabi/6.3.1/../../../arm-none-eabi/lib/thumb/v7-m/libc.a(lib_a-__call_atexit.o)
 *(.rodata)
 .rodata        0x000000000800affc        0x6 ./build/./bsp/stm32/libraries/HAL_Drivers/drv_common.o
 *fill*         0x000000000800b002        0x2 00000000
 .rodata        0x000000000800b004        0x4 ./build/./bsp/stm32/libraries/HAL_Drivers/drv_gpio.o
 .rodata        0x000000000800b008       0x6c ./build/./bsp/stm32/libraries/HAL_Drivers/drv_usart.o
 .rodata        0x000000000800b074       0x12 ./build/./bsp/stm32/libraries/STM32F1xx_HAL/STM32F1xx_HAL_Driver/Src/stm32f1xx_hal_rcc.o
 *fill*         0x000000000800b086        0x2 00000000
 .rodata        0x000000000800b088        0xe ./build/bsp/board/board.o
 *fill*         0x000000000800b096        0x2 00000000
 .rodata        0x000000000800b098       0x27 ./build/./components/drivers/misc/pin.o
 *fill*         0x000000000800b0bf        0x1 00000000
 .rodata        0x000000000800b0c0      0x19a ./build/./components/drivers/serial/serial.o
 *fill*         0x000000000800b25a        0x2 00000000
 .rodata        0x000000000800b25c       0x72 ./build/./components/drivers/src/completion.o
 *fill*         0x000000000800b2ce        0x2 00000000
 .rodata        0x000000000800b2d0       0x84 ./build/./components/drivers/src/dataqueue.o
 .rodata        0x000000000800b354      0x639 ./build/./components/finsh/cmd.o
 *fill*         0x000000000800b98d        0x3 00000000
 .rodata        0x000000000800b990       0x80 ./build/./components/finsh/msh.o
 .rodata        0x000000000800ba10       0x99 ./build/./components/finsh/shell.o
 *fill*         0x000000000800baa9        0x3 00000000
 .rodata        0x000000000800baac      0x2be ./build/./libcpu/arm/cortex-m3/cpuport.o
 *fill*         0x000000000800bd6a        0x2 00000000
 .rodata        0x000000000800bd6c       0x17 ./build/./src/components.o
 *fill*         0x000000000800bd83        0x1 00000000
 .rodata        0x000000000800bd84      0x10c ./build/./src/device.o
 .rodata        0x000000000800be90       0x34 ./build/./src/idle.o
 .rodata        0x000000000800bec4      0x476 ./build/./src/ipc.o
 *fill*         0x000000000800c33a        0x2 00000000
 .rodata        0x000000000800c33c       0xc7 ./build/./src/kservice.o
 *fill*         0x000000000800c403        0x1 00000000
 .rodata        0x000000000800c404      0x2fa ./build/./src/mem.o
 *fill*         0x000000000800c6fe        0x2 00000000
 .rodata        0x000000000800c700       0x91 ./build/./src/object.o
 *fill*         0x000000000800c791        0x3 00000000
 .rodata        0x000000000800c794       0x65 ./build/./src/scheduler.o
 *fill*         0x000000000800c7f9        0x3 00000000
 .rodata        0x000000000800c7fc      0x1b7 ./build/./src/thread.o
 *fill*         0x000000000800c9b3        0x1 00000000
 .rodata        0x000000000800c9b4       0xd7 ./build/./src/timer.o
 *fill*         0x000000000800ca8b        0x1 00000000
 .rodata        0x000000000800ca8c        0x4 /usr/lib/gcc/arm-none-eabi/6.3.1/../../../arm-none-eabi/lib/thumb/v7-m/libc.a(lib_a-impure.o)
                0x000000000800ca8c                _global_impure_ptr
 *(.rodata*)
 .rodata.name   0x000000000800ca90       0x1e ./build/./bsp/stm32/libraries/HAL_Drivers/drv_common.o
                0x000000000800ca90                __fsym___cmd_reboot_name
                0x000000000800caa0                __fsym___cmd_reboot_desc
 *fill*         0x000000000800caae        0x2 00000000
 .rodata.pins   0x000000000800cab0      0x3c0 ./build/./bsp/stm32/libraries/HAL_Drivers/drv_gpio.o
 .rodata.pin_irq_map
                0x000000000800ce70       0x40 ./build/./bsp/stm32/libraries/HAL_Drivers/drv_gpio.o
 .rodata._stm32_pin_ops
                0x000000000800ceb0       0x18 ./build/./bsp/stm32/libraries/HAL_Drivers/drv_gpio.o
 .rodata.stm32_uart_ops
                0x000000000800cec8       0x14 ./build/./bsp/stm32/libraries/HAL_Drivers/drv_usart.o
 .rodata.__FUNCTION__.7230
                0x000000000800cedc       0x10 ./build/./bsp/stm32/libraries/HAL_Drivers/drv_usart.o
 .rodata.__FUNCTION__.7251
                0x000000000800ceec        0xe ./build/./bsp/stm32/libraries/HAL_Drivers/drv_usart.o
 *fill*         0x000000000800cefa        0x2 00000000
 .rodata.__FUNCTION__.7262
                0x000000000800cefc        0xb ./build/./bsp/stm32/libraries/HAL_Drivers/drv_usart.o
 *fill*         0x000000000800cf07        0x1 00000000
 .rodata.__FUNCTION__.7271
                0x000000000800cf08        0xb ./build/./bsp/stm32/libraries/HAL_Drivers/drv_usart.o
 *fill*         0x000000000800cf13        0x1 00000000
 .rodata.__FUNCTION__.7279
                0x000000000800cf14       0x13 ./build/./bsp/stm32/libraries/HAL_Drivers/drv_usart.o
 *fill*         0x000000000800cf27        0x1 00000000
 .rodata.__FUNCTION__.7287
                0x000000000800cf28        0x9 ./build/./bsp/stm32/libraries/HAL_Drivers/drv_usart.o
 *fill*         0x000000000800cf31        0x3 00000000
 .rodata.__FUNCTION__.7300
                0x000000000800cf34        0x8 ./build/./bsp/stm32/libraries/HAL_Drivers/drv_usart.o
 .rodata.__FUNCTION__.7319
                0x000000000800cf3c       0x11 ./build/./bsp/stm32/libraries/HAL_Drivers/drv_usart.o
 *fill*         0x000000000800cf4d        0x3 00000000
 .rodata.__FUNCTION__.7324
                0x000000000800cf50       0x17 ./build/./bsp/stm32/libraries/HAL_Drivers/drv_usart.o
 *fill*         0x000000000800cf67        0x1 00000000
 .rodata.__FUNCTION__.7330
                0x000000000800cf68       0x18 ./build/./bsp/stm32/libraries/HAL_Drivers/drv_usart.o
 .rodata.__FUNCTION__.7335
                0x000000000800cf80       0x1c ./build/./bsp/stm32/libraries/HAL_Drivers/drv_usart.o
 .rodata.__FUNCTION__.7342
                0x000000000800cf9c       0x11 ./build/./bsp/stm32/libraries/HAL_Drivers/drv_usart.o
 *fill*         0x000000000800cfad        0x3 00000000
 .rodata.__FUNCTION__.7347
                0x000000000800cfb0       0x18 ./build/./bsp/stm32/libraries/HAL_Drivers/drv_usart.o
 .rodata.__FUNCTION__.7356
                0x000000000800cfc8       0x11 ./build/./bsp/stm32/libraries/HAL_Drivers/drv_usart.o
 *fill*         0x000000000800cfd9        0x3 00000000
 .rodata.AHBPrescTable
                0x000000000800cfdc       0x10 ./build/./bsp/stm32/libraries/STM32F1xx_HAL/CMSIS/Device/ST/STM32F1xx/Source/Templates/system_stm32f1xx.o
                0x000000000800cfdc                AHBPrescTable
 .rodata.APBPrescTable
                0x000000000800cfec        0x8 ./build/./bsp/stm32/libraries/STM32F1xx_HAL/CMSIS/Device/ST/STM32F1xx/Source/Templates/system_stm32f1xx.o
                0x000000000800cfec                APBPrescTable
 .rodata.name   0x000000000800cff4       0x6e ./build/./components/drivers/misc/pin.o
                0x000000000800cff4                __fsym_pinMode_name
                0x000000000800cffc                __fsym_pinMode_desc
                0x000000000800d014                __fsym_pinWrite_name
                0x000000000800d020                __fsym_pinWrite_desc
                0x000000000800d03c                __fsym_pinRead_name
                0x000000000800d044                __fsym_pinRead_desc
 *fill*         0x000000000800d062        0x2 00000000
 .rodata.__FUNCTION__.5757
                0x000000000800d064        0xa ./build/./components/drivers/misc/pin.o
 *fill*         0x000000000800d06e        0x2 00000000
 .rodata.__FUNCTION__.5766
                0x000000000800d070        0xb ./build/./components/drivers/misc/pin.o
 *fill*         0x000000000800d07b        0x1 00000000
 .rodata.__FUNCTION__.5774
                0x000000000800d07c        0xd ./build/./components/drivers/misc/pin.o
 *fill*         0x000000000800d089        0x3 00000000
 .rodata.__FUNCTION__.5801
                0x000000000800d08c        0xc ./build/./components/drivers/misc/pin.o
 .rodata.__FUNCTION__.5809
                0x000000000800d098        0xd ./build/./components/drivers/misc/pin.o
 *fill*         0x000000000800d0a5        0x3 00000000
 .rodata.__FUNCTION__.5816
                0x000000000800d0a8        0xc ./build/./components/drivers/misc/pin.o
 .rodata.__FUNCTION__.5651
                0x000000000800d0b4       0x1d ./build/./components/drivers/serial/serial.o
 *fill*         0x000000000800d0d1        0x3 00000000
 .rodata.__FUNCTION__.5660
                0x000000000800d0d4       0x1d ./build/./components/drivers/serial/serial.o
 *fill*         0x000000000800d0f1        0x3 00000000
 .rodata.__FUNCTION__.5666
                0x000000000800d0f4       0x1d ./build/./components/drivers/serial/serial.o
 *fill*         0x000000000800d111        0x3 00000000
 .rodata.__FUNCTION__.5692
                0x000000000800d114        0xf ./build/./components/drivers/serial/serial.o
 *fill*         0x000000000800d123        0x1 00000000
 .rodata.__FUNCTION__.5699
                0x000000000800d124        0xf ./build/./components/drivers/serial/serial.o
 *fill*         0x000000000800d133        0x1 00000000
 .rodata.__FUNCTION__.5709
                0x000000000800d134       0x10 ./build/./components/drivers/serial/serial.o
 .rodata.__FUNCTION__.5722
                0x000000000800d144        0xf ./build/./components/drivers/serial/serial.o
 *fill*         0x000000000800d153        0x1 00000000
 .rodata.__FUNCTION__.5626
                0x000000000800d154        0xf ./build/./components/drivers/serial/serial.o
 *fill*         0x000000000800d163        0x1 00000000
 .rodata.__FUNCTION__.5673
                0x000000000800d164        0xf ./build/./components/drivers/serial/serial.o
 *fill*         0x000000000800d173        0x1 00000000
 .rodata.__FUNCTION__.5605
                0x000000000800d174       0x10 ./build/./components/drivers/serial/serial.o
 .rodata.__FUNCTION__.5730
                0x000000000800d184       0x10 ./build/./components/drivers/serial/serial.o
 .rodata.__FUNCTION__.5639
                0x000000000800d194        0xf ./build/./components/drivers/serial/serial.o
 *fill*         0x000000000800d1a3        0x1 00000000
 .rodata.__FUNCTION__.5615
                0x000000000800d1a4       0x10 ./build/./components/drivers/serial/serial.o
 .rodata.__FUNCTION__.5738
                0x000000000800d1b4       0x12 ./build/./components/drivers/serial/serial.o
 *fill*         0x000000000800d1c6        0x2 00000000
 .rodata.__FUNCTION__.5753
                0x000000000800d1c8       0x16 ./build/./components/drivers/serial/serial.o
 *fill*         0x000000000800d1de        0x2 00000000
 .rodata.__FUNCTION__.5762
                0x000000000800d1e0       0x11 ./build/./components/drivers/serial/serial.o
 *fill*         0x000000000800d1f1        0x3 00000000
 .rodata.__FUNCTION__.5602
                0x000000000800d1f4       0x13 ./build/./components/drivers/src/completion.o
 *fill*         0x000000000800d207        0x1 00000000
 .rodata.__FUNCTION__.5610
                0x000000000800d208       0x13 ./build/./components/drivers/src/completion.o
 *fill*         0x000000000800d21b        0x1 00000000
 .rodata.__FUNCTION__.5617
                0x000000000800d21c       0x13 ./build/./components/drivers/src/completion.o
 *fill*         0x000000000800d22f        0x1 00000000
 .rodata.__FUNCTION__.5608
                0x000000000800d230       0x13 ./build/./components/drivers/src/dataqueue.o
 *fill*         0x000000000800d243        0x1 00000000
 .rodata.__FUNCTION__.5618
                0x000000000800d244       0x13 ./build/./components/drivers/src/dataqueue.o
 *fill*         0x000000000800d257        0x1 00000000
 .rodata.__FUNCTION__.5633
                0x000000000800d258       0x12 ./build/./components/drivers/src/dataqueue.o
 *fill*         0x000000000800d26a        0x2 00000000
 .rodata.__FUNCTION__.5645
                0x000000000800d26c       0x13 ./build/./components/drivers/src/dataqueue.o
 *fill*         0x000000000800d27f        0x1 00000000
 .rodata.__FUNCTION__.5651
                0x000000000800d280       0x14 ./build/./components/drivers/src/dataqueue.o
 .rodata.__FUNCTION__.5662
                0x000000000800d294       0x15 ./build/./components/drivers/src/dataqueue.o
 *fill*         0x000000000800d2a9        0x3 00000000
 .rodata.name   0x000000000800d2ac      0x3c6 ./build/./components/finsh/cmd.o
                0x000000000800d2ac                __fsym_hello_name
                0x000000000800d2b4                __fsym_hello_desc
                0x000000000800d2c4                __fsym_clear_name
                0x000000000800d2cc                __fsym_clear_desc
                0x000000000800d2e8                __fsym___cmd_clear_name
                0x000000000800d2f4                __fsym___cmd_clear_desc
                0x000000000800d310                __fsym_version_name
                0x000000000800d318                __fsym_version_desc
                0x000000000800d33c                __fsym___cmd_version_name
                0x000000000800d34c                __fsym___cmd_version_desc
                0x000000000800d370                __fsym_list_thread_name
                0x000000000800d37c                __fsym_list_thread_desc
                0x000000000800d388                __fsym___cmd_list_thread_name
                0x000000000800d39c                __fsym___cmd_list_thread_desc
                0x000000000800d3a8                __fsym_list_sem_name
                0x000000000800d3b4                __fsym_list_sem_desc
                0x000000000800d3d0                __fsym___cmd_list_sem_name
                0x000000000800d3e0                __fsym___cmd_list_sem_desc
                0x000000000800d3fc                __fsym_list_event_name
                0x000000000800d408                __fsym_list_event_desc
                0x000000000800d420                __fsym___cmd_list_event_name
                0x000000000800d434                __fsym___cmd_list_event_desc
                0x000000000800d44c                __fsym_list_mutex_name
                0x000000000800d458                __fsym_list_mutex_desc
                0x000000000800d470                __fsym___cmd_list_mutex_name
                0x000000000800d484                __fsym___cmd_list_mutex_desc
                0x000000000800d49c                __fsym_list_mailbox_name
                0x000000000800d4ac                __fsym_list_mailbox_desc
                0x000000000800d4c4                __fsym___cmd_list_mailbox_name
                0x000000000800d4d8                __fsym___cmd_list_mailbox_desc
                0x000000000800d4f0                __fsym_list_msgqueue_name
                0x000000000800d500                __fsym_list_msgqueue_desc
                0x000000000800d520                __fsym___cmd_list_msgqueue_name
                0x000000000800d534                __fsym___cmd_list_msgqueue_desc
                0x000000000800d554                __fsym_list_mempool_name
                0x000000000800d564                __fsym_list_mempool_desc
                0x000000000800d580                __fsym___cmd_list_mempool_name
                0x000000000800d594                __fsym___cmd_list_mempool_desc
                0x000000000800d5b0                __fsym_list_timer_name
                0x000000000800d5bc                __fsym_list_timer_desc
                0x000000000800d5d4                __fsym___cmd_list_timer_name
                0x000000000800d5e8                __fsym___cmd_list_timer_desc
                0x000000000800d600                __fsym_list_device_name
                0x000000000800d60c                __fsym_list_device_desc
                0x000000000800d624                __fsym___cmd_list_device_name
                0x000000000800d638                __fsym___cmd_list_device_desc
                0x000000000800d650                __fsym_list_name
                0x000000000800d658                __fsym_list_desc
 *fill*         0x000000000800d672        0x2 00000000
 .rodata.device_type_str
                0x000000000800d674       0x58 ./build/./components/finsh/cmd.o
 .rodata.name   0x000000000800d6cc       0x7d ./build/./components/finsh/msh.o
                0x000000000800d6cc                __fsym___cmd_help_name
                0x000000000800d6d8                __fsym___cmd_help_desc
                0x000000000800d6f0                __fsym___cmd_ps_name
                0x000000000800d6fc                __fsym___cmd_ps_desc
                0x000000000800d718                __fsym___cmd_free_name
                0x000000000800d724                __fsym___cmd_free_desc
 *fill*         0x000000000800d749        0x3 00000000
 .rodata.__FUNCTION__.5491
                0x000000000800d74c        0xe ./build/./components/finsh/msh.o
 *fill*         0x000000000800d75a        0x2 00000000
 .rodata.__FUNCTION__.5497
                0x000000000800d75c       0x16 ./build/./components/finsh/shell.o
 *fill*         0x000000000800d772        0x2 00000000
 .rodata.__FUNCTION__.5502
                0x000000000800d774        0xe ./build/./components/finsh/shell.o
 *fill*         0x000000000800d782        0x2 00000000
 .rodata.__FUNCTION__.5510
                0x000000000800d784        0xd ./build/./components/finsh/shell.o
 *fill*         0x000000000800d791        0x3 00000000
 .rodata.__FUNCTION__.5515
                0x000000000800d794       0x11 ./build/./components/finsh/shell.o
 *fill*         0x000000000800d7a5        0x3 00000000
 .rodata.__FUNCTION__.5258
                0x000000000800d7a8       0x14 ./build/./src/components.o
 .rodata.__FUNCTION__.5150
                0x000000000800d7bc        0xf ./build/./src/device.o
 *fill*         0x000000000800d7cb        0x1 00000000
 .rodata.__FUNCTION__.5174
                0x000000000800d7cc        0xf ./build/./src/device.o
 *fill*         0x000000000800d7db        0x1 00000000
 .rodata.__FUNCTION__.5179
                0x000000000800d7dc       0x10 ./build/./src/device.o
 .rodata.__FUNCTION__.5186
                0x000000000800d7ec        0xf ./build/./src/device.o
 *fill*         0x000000000800d7fb        0x1 00000000
 .rodata.__FUNCTION__.5193
                0x000000000800d7fc       0x10 ./build/./src/device.o
 .rodata.__FUNCTION__.5206
                0x000000000800d80c       0x1a ./build/./src/device.o
 *fill*         0x000000000800d826        0x2 00000000
 .rodata.__FUNCTION__.5241
                0x000000000800d828       0x16 ./build/./src/idle.o
 *fill*         0x000000000800d83e        0x2 00000000
 .rodata.__FUNCTION__.5246
                0x000000000800d840        0xc ./build/./src/ipc.o
 .rodata.__FUNCTION__.5270
                0x000000000800d84c        0xc ./build/./src/ipc.o
 .rodata.__FUNCTION__.5281
                0x000000000800d858        0xf ./build/./src/ipc.o
 *fill*         0x000000000800d867        0x1 00000000
 .rodata.__lowest_bit_bitmap
                0x000000000800d868      0x100 ./build/./src/kservice.o
                0x000000000800d868                __lowest_bit_bitmap
 .rodata.large_digits.5380
                0x000000000800d968       0x11 ./build/./src/kservice.o
 *fill*         0x000000000800d979        0x3 00000000
 .rodata.small_digits.5379
                0x000000000800d97c       0x11 ./build/./src/kservice.o
 *fill*         0x000000000800d98d        0x3 00000000
 .rodata.name   0x000000000800d990       0x2a ./build/./src/mem.o
                0x000000000800d990                __fsym_list_mem_name
                0x000000000800d99c                __fsym_list_mem_desc
 *fill*         0x000000000800d9ba        0x2 00000000
 .rodata.__FUNCTION__.5237
                0x000000000800d9bc        0xb ./build/./src/mem.o
 *fill*         0x000000000800d9c7        0x1 00000000
 .rodata.__FUNCTION__.5246
                0x000000000800d9c8       0x14 ./build/./src/mem.o
 .rodata.__FUNCTION__.5255
                0x000000000800d9dc        0xa ./build/./src/mem.o
 *fill*         0x000000000800d9e6        0x2 00000000
 .rodata.__FUNCTION__.5284
                0x000000000800d9e8        0x8 ./build/./src/mem.o
 .rodata.__FUNCTION__.5289
                0x000000000800d9f0        0xf ./build/./src/object.o
 *fill*         0x000000000800d9ff        0x1 00000000
 .rodata.__FUNCTION__.5298
                0x000000000800da00       0x11 ./build/./src/object.o
 *fill*         0x000000000800da11        0x3 00000000
 .rodata.__FUNCTION__.5307
                0x000000000800da14       0x13 ./build/./src/object.o
 *fill*         0x000000000800da27        0x1 00000000
 .rodata.__FUNCTION__.5312
                0x000000000800da28       0x11 ./build/./src/object.o
 *fill*         0x000000000800da39        0x3 00000000
 .rodata.__FUNCTION__.5316
                0x000000000800da3c       0x1a ./build/./src/object.o
 *fill*         0x000000000800da56        0x2 00000000
 .rodata.__FUNCTION__.5320
                0x000000000800da58       0x13 ./build/./src/object.o
 *fill*         0x000000000800da6b        0x1 00000000
 .rodata.__FUNCTION__.5224
                0x000000000800da6c       0x1a ./build/./src/scheduler.o
 *fill*         0x000000000800da86        0x2 00000000
 .rodata.__FUNCTION__.5265
                0x000000000800da88       0x1a ./build/./src/scheduler.o
 *fill*         0x000000000800daa2        0x2 00000000
 .rodata.__FUNCTION__.5271
                0x000000000800daa4       0x1a ./build/./src/scheduler.o
 *fill*         0x000000000800dabe        0x2 00000000
 .rodata.__FUNCTION__.5241
                0x000000000800dac0       0x10 ./build/./src/thread.o
 .rodata.__FUNCTION__.5253
                0x000000000800dad0        0xf ./build/./src/thread.o
 *fill*         0x000000000800dadf        0x1 00000000
 .rodata.__FUNCTION__.5262
                0x000000000800dae0       0x12 ./build/./src/thread.o
 *fill*         0x000000000800daf2        0x2 00000000
 .rodata.__FUNCTION__.5292
                0x000000000800daf4       0x10 ./build/./src/thread.o
 .rodata.__FUNCTION__.5324
                0x000000000800db04       0x12 ./build/./src/thread.o
 *fill*         0x000000000800db16        0x2 00000000
 .rodata.__FUNCTION__.5329
                0x000000000800db18       0x11 ./build/./src/thread.o
 *fill*         0x000000000800db29        0x3 00000000
 .rodata.__FUNCTION__.5334
                0x000000000800db2c       0x12 ./build/./src/thread.o
 *fill*         0x000000000800db3e        0x2 00000000
 .rodata.__FUNCTION__.5257
                0x000000000800db40        0xe ./build/./src/timer.o
 *fill*         0x000000000800db4e        0x2 00000000
 .rodata.__FUNCTION__.5262
                0x000000000800db50       0x10 ./build/./src/timer.o
 .rodata.__FUNCTION__.5286
                0x000000000800db60        0xf ./build/./src/timer.o
 *fill*         0x000000000800db6f        0x1 00000000
 .rodata.__FUNCTION__.5303
                0x000000000800db70        0xe ./build/./src/timer.o
 *fill*         0x000000000800db7e        0x2 00000000
 .rodata.__FUNCTION__.5309
                0x000000000800db80       0x11 ./build/./src/timer.o
 *fill*         0x000000000800db91        0x3 00000000
 .rodata.str1.4
                0x000000000800db94        0x4 /usr/lib/gcc/arm-none-eabi/6.3.1/../../../arm-none-eabi/lib/thumb/v7-m/libc.a(lib_a-impure.o)
                                          0x2 (size before relaxing)
 *(.glue_7)
 .glue_7        0x000000000800db98        0x0 linker stubs
 *(.glue_7t)
 .glue_7t       0x000000000800db98        0x0 linker stubs
 *(.gnu.linkonce.t*)
                0x000000000800db98                . = ALIGN (0x4)
                0x000000000800db98                __fsymtab_start = .
 *(FSymTab)
 FSymTab        0x000000000800db98        0xc ./build/./bsp/stm32/libraries/HAL_Drivers/drv_common.o
                0x000000000800db98                __fsym___cmd_reboot
 FSymTab        0x000000000800dba4       0x24 ./build/./components/drivers/misc/pin.o
                0x000000000800dba4                __fsym_pinMode
                0x000000000800dbb0                __fsym_pinWrite
                0x000000000800dbbc                __fsym_pinRead
 FSymTab        0x000000000800dbc8      0x120 ./build/./components/finsh/cmd.o
                0x000000000800dbc8                __fsym_hello
                0x000000000800dbd4                __fsym_clear
                0x000000000800dbe0                __fsym___cmd_clear
                0x000000000800dbec                __fsym_version
                0x000000000800dbf8                __fsym___cmd_version
                0x000000000800dc04                __fsym_list_thread
                0x000000000800dc10                __fsym___cmd_list_thread
                0x000000000800dc1c                __fsym_list_sem
                0x000000000800dc28                __fsym___cmd_list_sem
                0x000000000800dc34                __fsym_list_event
                0x000000000800dc40                __fsym___cmd_list_event
                0x000000000800dc4c                __fsym_list_mutex
                0x000000000800dc58                __fsym___cmd_list_mutex
                0x000000000800dc64                __fsym_list_mailbox
                0x000000000800dc70                __fsym___cmd_list_mailbox
                0x000000000800dc7c                __fsym_list_msgqueue
                0x000000000800dc88                __fsym___cmd_list_msgqueue
                0x000000000800dc94                __fsym_list_mempool
                0x000000000800dca0                __fsym___cmd_list_mempool
                0x000000000800dcac                __fsym_list_timer
                0x000000000800dcb8                __fsym___cmd_list_timer
                0x000000000800dcc4                __fsym_list_device
                0x000000000800dcd0                __fsym___cmd_list_device
                0x000000000800dcdc                __fsym_list
 FSymTab        0x000000000800dce8       0x24 ./build/./components/finsh/msh.o
                0x000000000800dce8                __fsym___cmd_help
                0x000000000800dcf4                __fsym___cmd_ps
                0x000000000800dd00                __fsym___cmd_free
 FSymTab        0x000000000800dd0c        0xc ./build/./src/mem.o
                0x000000000800dd0c                __fsym_list_mem
                0x000000000800dd18                __fsymtab_end = .
                0x000000000800dd18                . = ALIGN (0x4)
                0x000000000800dd18                __vsymtab_start = .
 *(VSymTab)
                0x000000000800dd18                __vsymtab_end = .
                0x000000000800dd18                . = ALIGN (0x4)
                0x000000000800dd18                __rt_init_start = .
 *(SORT(.rti_fn*))
 .rti_fn.0      0x000000000800dd18        0x4 ./build/./src/components.o
                0x000000000800dd18                __rt_init_rti_start
 .rti_fn.0.end  0x000000000800dd1c        0x4 ./build/./src/components.o
                0x000000000800dd1c                __rt_init_rti_board_start
 .rti_fn.1.end  0x000000000800dd20        0x4 ./build/./src/components.o
                0x000000000800dd20                __rt_init_rti_board_end
 .rti_fn.6      0x000000000800dd24        0x4 ./build/./components/finsh/shell.o
                0x000000000800dd24                __rt_init_finsh_system_init
 .rti_fn.6.end  0x000000000800dd28        0x4 ./build/./src/components.o
                0x000000000800dd28                __rt_init_rti_end
                0x000000000800dd2c                __rt_init_end = .
                0x000000000800dd2c                . = ALIGN (0x4)
                [!provide]                        PROVIDE (__ctors_start__, .)
 *(SORT(.init_array.*))
 .init_array.00000
                0x000000000800dd2c        0x4 /usr/lib/gcc/arm-none-eabi/6.3.1/../../../arm-none-eabi/lib/thumb/v7-m/libc.a(lib_a-__call_atexit.o)
 *(.init_array)
 .init_array    0x000000000800dd30        0x4 /usr/lib/gcc/arm-none-eabi/6.3.1/thumb/v7-m/crtbegin.o
                [!provide]                        PROVIDE (__ctors_end__, .)
                0x000000000800dd34                . = ALIGN (0x4)
                0x000000000800dd34                _etext = .
                0x000000000800dd34                __exidx_start = .

.vfp11_veneer   0x000000000800dd34        0x0
 .vfp11_veneer  0x000000000800dd34        0x0 linker stubs

.v4_bx          0x000000000800dd34        0x0
 .v4_bx         0x000000000800dd34        0x0 linker stubs

.init           0x000000000800dd34        0x4
 .init          0x000000000800dd34        0x4 /usr/lib/gcc/arm-none-eabi/6.3.1/thumb/v7-m/crti.o
                0x000000000800dd34                _init

.fini           0x000000000800dd38        0x4
 .fini          0x000000000800dd38        0x4 /usr/lib/gcc/arm-none-eabi/6.3.1/thumb/v7-m/crti.o
                0x000000000800dd38                _fini

.iplt           0x000000000800dd3c        0x0
 .iplt          0x000000000800dd3c        0x0 /usr/lib/gcc/arm-none-eabi/6.3.1/thumb/v7-m/crtbegin.o

.eh_frame       0x000000000800dd3c        0x0
 .eh_frame      0x000000000800dd3c        0x0 /usr/lib/gcc/arm-none-eabi/6.3.1/thumb/v7-m/crtbegin.o

.rel.dyn        0x000000000800dd3c        0x0
 .rel.iplt      0x000000000800dd3c        0x0 /usr/lib/gcc/arm-none-eabi/6.3.1/thumb/v7-m/crtbegin.o

.ARM.exidx      0x000000000800dd3c        0x0
 *(.ARM.exidx* .gnu.linkonce.armexidx.*)
                0x000000000800dd3c                _sidata = .
                0x000000000800dd3c                __exidx_end = .

.data           0x0000000020000000      0x5ac load address 0x000000000800dd3c
                0x0000000020000000                . = ALIGN (0x4)
                0x0000000020000000                _sdata = .
 *(.data)
 .data          0x0000000020000000      0x430 /usr/lib/gcc/arm-none-eabi/6.3.1/../../../arm-none-eabi/lib/thumb/v7-m/libc.a(lib_a-impure.o)
                0x0000000020000000                _impure_ptr
 *(.data.*)
 .data.pin_irq_hdr_tab
                0x0000000020000430       0xc0 ./build/./bsp/stm32/libraries/HAL_Drivers/drv_gpio.o
 .data.uart_config
                0x00000000200004f0       0x14 ./build/./bsp/stm32/libraries/HAL_Drivers/drv_usart.o
 .data.uart1_dma_rx.7310
                0x0000000020000504        0xc ./build/./bsp/stm32/libraries/HAL_Drivers/drv_usart.o
 .data.SystemCoreClock
                0x0000000020000510        0x4 ./build/./bsp/stm32/libraries/STM32F1xx_HAL/CMSIS/Device/ST/STM32F1xx/Source/Templates/system_stm32f1xx.o
                0x0000000020000510                SystemCoreClock
 .data.uwTickPrio
                0x0000000020000514        0x4 ./build/./bsp/stm32/libraries/STM32F1xx_HAL/STM32F1xx_HAL_Driver/Src/stm32f1xx_hal.o
                0x0000000020000514                uwTickPrio
 .data.uwTickFreq
                0x0000000020000518        0x1 ./build/./bsp/stm32/libraries/STM32F1xx_HAL/STM32F1xx_HAL_Driver/Src/stm32f1xx_hal.o
                0x0000000020000518                uwTickFreq
 *fill*         0x0000000020000519        0x3 
 .data.rt_object_container
                0x000000002000051c       0x90 ./build/./src/object.o
 *(.gnu.linkonce.d*)
                [!provide]                        PROVIDE (__dtors_start__, .)
 *(SORT(.dtors.*))
 *(.dtors)
                [!provide]                        PROVIDE (__dtors_end__, .)
                0x00000000200005ac                . = ALIGN (0x4)
                0x00000000200005ac                _edata = .

.jcr            0x00000000200005ac        0x0 load address 0x000000000800e2e8
 .jcr           0x00000000200005ac        0x0 /usr/lib/gcc/arm-none-eabi/6.3.1/thumb/v7-m/crtbegin.o

.tm_clone_table
                0x00000000200005ac        0x0 load address 0x000000000800e2e8
 .tm_clone_table
                0x00000000200005ac        0x0 /usr/lib/gcc/arm-none-eabi/6.3.1/thumb/v7-m/crtbegin.o
 .tm_clone_table
                0x00000000200005ac        0x0 /usr/lib/gcc/arm-none-eabi/6.3.1/thumb/v7-m/crtend.o

.igot.plt       0x00000000200005ac        0x0 load address 0x000000000800e2e8
 .igot.plt      0x00000000200005ac        0x0 /usr/lib/gcc/arm-none-eabi/6.3.1/thumb/v7-m/crtbegin.o

.stack          0x00000000200005ac      0x200 load address 0x000000000800e2e8
                0x00000000200005ac                . = ALIGN (0x4)
                0x00000000200005ac                _sstack = .
                0x00000000200007ac                . = (. + _system_stack_size)
 *fill*         0x00000000200005ac      0x200 
                0x00000000200007ac                . = ALIGN (0x4)
                0x00000000200007ac                _estack = .
                0x00000000200007ac                __bss_start = .

.bss            0x00000000200007ac      0x5fc load address 0x000000000800e4e8
                0x00000000200007ac                . = ALIGN (0x4)
                0x00000000200007ac                _sbss = .
 *(.bss)
 .bss           0x00000000200007ac       0x1c /usr/lib/gcc/arm-none-eabi/6.3.1/thumb/v7-m/crtbegin.o
 *(.bss.*)
 .bss.pin_irq_enable_mask
                0x00000000200007c8        0x4 ./build/./bsp/stm32/libraries/HAL_Drivers/drv_gpio.o
 .bss.uart_obj  0x00000000200007cc      0x128 ./build/./bsp/stm32/libraries/HAL_Drivers/drv_usart.o
 .bss._hw_pin   0x00000000200008f4       0x44 ./build/./components/drivers/misc/pin.o
 .bss.already_output.5646
                0x0000000020000938        0x4 ./build/./components/drivers/serial/serial.o
 .bss._syscall_table_begin
                0x000000002000093c        0x4 ./build/./components/finsh/shell.o
                0x000000002000093c                _syscall_table_begin
 .bss._syscall_table_end
                0x0000000020000940        0x4 ./build/./components/finsh/shell.o
                0x0000000020000940                _syscall_table_end
 .bss._sysvar_table_begin
                0x0000000020000944        0x4 ./build/./components/finsh/shell.o
                0x0000000020000944                _sysvar_table_begin
 .bss._sysvar_table_end
                0x0000000020000948        0x4 ./build/./components/finsh/shell.o
                0x0000000020000948                _sysvar_table_end
 .bss.finsh_prompt_custom
                0x000000002000094c        0x4 ./build/./components/finsh/shell.o
 .bss.finsh_prompt.5489
                0x0000000020000950       0x81 ./build/./components/finsh/shell.o
 *fill*         0x00000000200009d1        0x3 
 .bss.rt_exception_hook
                0x00000000200009d4        0x4 ./build/./libcpu/arm/cortex-m3/cpuport.o
 .bss.rt_tick   0x00000000200009d8        0x4 ./build/./src/clock.o
 .bss.idle      0x00000000200009dc       0x80 ./build/./src/idle.o
 .bss.rt_thread_stack
                0x0000000020000a5c      0x100 ./build/./src/idle.o
 .bss.idle_hook_list
                0x0000000020000b5c       0x10 ./build/./src/idle.o
 .bss.rt_interrupt_enter_hook
                0x0000000020000b6c        0x4 ./build/./src/irq.o
 .bss.rt_interrupt_leave_hook
                0x0000000020000b70        0x4 ./build/./src/irq.o
 .bss.rt_interrupt_nest
                0x0000000020000b74        0x1 ./build/./src/irq.o
                0x0000000020000b74                rt_interrupt_nest
 *fill*         0x0000000020000b75        0x3 
 .bss.__rt_errno
                0x0000000020000b78        0x4 ./build/./src/kservice.o
 .bss._console_device
                0x0000000020000b7c        0x4 ./build/./src/kservice.o
 .bss.rt_log_buf.5490
                0x0000000020000b80       0x80 ./build/./src/kservice.o
 .bss.rt_malloc_hook
                0x0000000020000c00        0x4 ./build/./src/mem.o
 .bss.rt_free_hook
                0x0000000020000c04        0x4 ./build/./src/mem.o
 .bss.heap_ptr  0x0000000020000c08        0x4 ./build/./src/mem.o
 .bss.heap_end  0x0000000020000c0c        0x4 ./build/./src/mem.o
 .bss.lfree     0x0000000020000c10        0x4 ./build/./src/mem.o
 .bss.heap_sem  0x0000000020000c14       0x20 ./build/./src/mem.o
 .bss.mem_size_aligned
                0x0000000020000c34        0x4 ./build/./src/mem.o
 .bss.used_mem  0x0000000020000c38        0x4 ./build/./src/mem.o
 .bss.max_mem   0x0000000020000c3c        0x4 ./build/./src/mem.o
 .bss.rt_object_attach_hook
                0x0000000020000c40        0x4 ./build/./src/object.o
 .bss.rt_object_detach_hook
                0x0000000020000c44        0x4 ./build/./src/object.o
 .bss.rt_scheduler_lock_nest
                0x0000000020000c48        0x2 ./build/./src/scheduler.o
 *fill*         0x0000000020000c4a        0x2 
 .bss.rt_scheduler_hook
                0x0000000020000c4c        0x4 ./build/./src/scheduler.o
 .bss.rt_thread_suspend_hook